<html>
<body>
<pre>
<h1>µVision Build Log</h1>
<h2>Tool Versions:</h2>
IDE-Version: ¶ÃVision V5.38.0.0
Copyright (C) 2022 ARM Ltd and ARM Germany GmbH. All rights reserved.
License Information: 1 Õıﬁ»Íª, 1, LIC=GMZI6-DI1ML-30KNC-72WXC-DHAEU-KB84M
 
Tool Versions:
Toolchain:       MDK-ARM Plus  Version: 5.38.0.0
Toolchain Path:  E:\Keil_core\ARM\arm\Bin
C Compiler:      Armcc.exe V5.06 update 7 (build 960)
Assembler:       Armasm.exe V5.06 update 7 (build 960)
Linker/Locator:  ArmLink.exe V5.06 update 7 (build 960)
Library Manager: ArmAr.exe V5.06 update 7 (build 960)
Hex Converter:   FromElf.exe V5.06 update 7 (build 960)
CPU DLL:         SARMCM3.DLL V5.38.0.0
Dialog DLL:      DARMSTM.DLL V1.69.1.0
Target DLL:      STLink\ST-LINKIII-KEIL_SWO.dll V3.1.0.0
Dialog DLL:      TARMSTM.DLL V1.67.1.0
 
<h2>Project:</h2>
E:\Keil_projects\F103ZET6 - ∏±±æ\Projects\MDK-ARM\atk_f103.uvprojx
Project File Date:  04/10/2025

<h2>Output:</h2>
*** Using Compiler 'V5.06 update 7 (build 960)', folder: 'E:\Keil_core\ARM\arm\Bin'
Rebuild target 'FreeRTOS'
assembling startup_stm32f103xe.s...
compiling stm32f1xx_hal_pwr.c...
compiling stm32f1xx_hal_gpio.c...
compiling stm32f1xx_it.c...
compiling stm32f1xx_hal_gpio_ex.c...
compiling main.c...
compiling sys.c...
compiling stm32f1xx_hal_cortex.c...
compiling Dht11.c...
Dht11.c(87): warning:  #177-D: variable "tick"  was declared but never referenced
  	uint8_t tick = 0;
Dht11.c: 1 warning, 0 errors
compiling stm32f1xx_hal_dma.c...
compiling system_stm32f1xx.c...
compiling usart.c...
compiling freertos_demo.c...
compiling stm32f1xx_hal.c...
compiling delay.c...
compiling stm32f1xx_hal_rcc.c...
compiling key.c...
compiling stm32f1xx_hal_rcc_ex.c...
compiling stm32f1xx_ll_fsmc.c...
compiling event_groups.c...
compiling lcd.c...
compiling stm32f1xx_hal_uart.c...
compiling btim.c...
compiling list.c...
compiling stm32f1xx_hal_sram.c...
compiling stm32f1xx_hal_tim_ex.c...
compiling stm32f1xx_hal_usart.c...
compiling led.c...
compiling malloc.c...
compiling croutine.c...
compiling stm32f1xx_hal_tim.c...
compiling port.c...
compiling stream_buffer.c...
compiling heap_4.c...
compiling timers.c...
compiling queue.c...
compiling tasks.c...
linking...
Program Size: Code=33400 RO-data=424 RW-data=248 ZI-data=45916  
FromELF: creating hex file...
"..\..\Output\atk_f103.axf" - 0 Error(s), 1 Warning(s).

<h2>Software Packages used:</h2>

Package Vendor: Keil
                https://www.keil.com/pack/Keil.STM32F1xx_DFP.2.4.1.pack
                Keil.STM32F1xx_DFP.2.4.1
                STMicroelectronics STM32F1 Series Device Support, Drivers and Examples

<h2>Collection of Component include folders:</h2>
  E:/Keil_core/Keil_pack/Keil/STM32F1xx_DFP/2.4.1/Device/Include

<h2>Collection of Component Files used:</h2>
Build Time Elapsed:  00:00:11
</pre>
</body>
</html>
