Component: ARM Compiler 5.06 update 7 (build 960) Tool: armlink [4d3601]

==============================================================================

Section Cross References

    startup_stm32f103xe.o(STACK) refers (Special) to heapauxi.o(.text) for __use_two_region_memory
    startup_stm32f103xe.o(HEAP) refers (Special) to heapauxi.o(.text) for __use_two_region_memory
    startup_stm32f103xe.o(RESET) refers (Special) to heapauxi.o(.text) for __use_two_region_memory
    startup_stm32f103xe.o(RESET) refers to startup_stm32f103xe.o(STACK) for __initial_sp
    startup_stm32f103xe.o(RESET) refers to startup_stm32f103xe.o(.text) for Reset_Handler
    startup_stm32f103xe.o(RESET) refers to stm32f1xx_it.o(i.NMI_Handler) for NMI_Handler
    startup_stm32f103xe.o(RESET) refers to stm32f1xx_it.o(i.HardFault_Handler) for HardFault_Handler
    startup_stm32f103xe.o(RESET) refers to stm32f1xx_it.o(i.MemManage_Handler) for MemManage_Handler
    startup_stm32f103xe.o(RESET) refers to stm32f1xx_it.o(i.BusFault_Handler) for BusFault_Handler
    startup_stm32f103xe.o(RESET) refers to stm32f1xx_it.o(i.UsageFault_Handler) for UsageFault_Handler
    startup_stm32f103xe.o(RESET) refers to port.o(.emb_text) for SVC_Handler
    startup_stm32f103xe.o(RESET) refers to stm32f1xx_it.o(i.DebugMon_Handler) for DebugMon_Handler
    startup_stm32f103xe.o(RESET) refers to delay.o(i.SysTick_Handler) for SysTick_Handler
    startup_stm32f103xe.o(RESET) refers to usart.o(i.USART1_IRQHandler) for USART1_IRQHandler
    startup_stm32f103xe.o(RESET) refers to btim.o(i.TIM6_IRQHandler) for TIM6_IRQHandler
    startup_stm32f103xe.o(RESET) refers to btim.o(i.TIM7_IRQHandler) for TIM7_IRQHandler
    startup_stm32f103xe.o(.text) refers (Special) to heapauxi.o(.text) for __use_two_region_memory
    startup_stm32f103xe.o(.text) refers to system_stm32f1xx.o(i.SystemInit) for SystemInit
    startup_stm32f103xe.o(.text) refers to __main.o(!!!main) for __main
    startup_stm32f103xe.o(.text) refers to startup_stm32f103xe.o(HEAP) for Heap_Mem
    startup_stm32f103xe.o(.text) refers to startup_stm32f103xe.o(STACK) for Stack_Mem
    main.o(i.main) refers to stm32f1xx_hal.o(i.HAL_Init) for HAL_Init
    main.o(i.main) refers to sys.o(i.sys_stm32_clock_init) for sys_stm32_clock_init
    main.o(i.main) refers to delay.o(i.delay_init) for delay_init
    main.o(i.main) refers to usart.o(i.usart_init) for usart_init
    main.o(i.main) refers to led.o(i.led_init) for led_init
    main.o(i.main) refers to lcd.o(i.lcd_init) for lcd_init
    main.o(i.main) refers to key.o(i.key_init) for key_init
    main.o(i.main) refers to malloc.o(i.my_mem_init) for my_mem_init
    main.o(i.main) refers to freertos_demo.o(i.freertos_demo) for freertos_demo
    system_stm32f1xx.o(i.SystemCoreClockUpdate) refers to system_stm32f1xx.o(.data) for SystemCoreClock
    system_stm32f1xx.o(i.SystemCoreClockUpdate) refers to system_stm32f1xx.o(.constdata) for AHBPrescTable
    freertos_demo.o(i.freertos_demo) refers to tasks.o(i.xTaskCreate) for xTaskCreate
    freertos_demo.o(i.freertos_demo) refers to tasks.o(i.vTaskStartScheduler) for vTaskStartScheduler
    freertos_demo.o(i.freertos_demo) refers to freertos_demo.o(.data) for start_task_handler
    freertos_demo.o(i.freertos_demo) refers to freertos_demo.o(i.start_task) for start_task
    freertos_demo.o(i.start_task) refers to port.o(i.vPortEnterCritical) for vPortEnterCritical
    freertos_demo.o(i.start_task) refers to event_groups.o(i.xEventGroupCreate) for xEventGroupCreate
    freertos_demo.o(i.start_task) refers to queue.o(i.xQueueGenericCreate) for xQueueGenericCreate
    freertos_demo.o(i.start_task) refers to tasks.o(i.xTaskCreate) for xTaskCreate
    freertos_demo.o(i.start_task) refers to port.o(i.vPortExitCritical) for vPortExitCritical
    freertos_demo.o(i.start_task) refers to tasks.o(i.vTaskDelete) for vTaskDelete
    freertos_demo.o(i.start_task) refers to freertos_demo.o(.data) for buttongroup_handle
    freertos_demo.o(i.start_task) refers to freertos_demo.o(i.task_sensor) for task_sensor
    freertos_demo.o(i.start_task) refers to freertos_demo.o(i.task_handle) for task_handle
    freertos_demo.o(i.start_task) refers to freertos_demo.o(i.task_led) for task_led
    freertos_demo.o(i.start_task) refers to freertos_demo.o(i.task_usart) for task_usart
    freertos_demo.o(i.start_task) refers to freertos_demo.o(i.task_button) for task_button
    freertos_demo.o(i.task_button) refers to event_groups.o(i.xEventGroupWaitBits) for xEventGroupWaitBits
    freertos_demo.o(i.task_button) refers to freertos_demo.o(.data) for buttongroup_handle
    freertos_demo.o(i.task_handle) refers to tasks.o(i.xTaskGetTickCount) for xTaskGetTickCount
    freertos_demo.o(i.task_handle) refers to tasks.o(i.xTaskDelayUntil) for xTaskDelayUntil
    freertos_demo.o(i.task_handle) refers to queue.o(i.xQueueReceive) for xQueueReceive
    freertos_demo.o(i.task_handle) refers to noretval__2printf.o(.text) for __2printf
[...]
    i.vPortExitCritical                      0x08006714   Section        0  port.o(i.vPortExitCritical)
    i.vPortFree                              0x08006790   Section        0  heap_4.o(i.vPortFree)
    i.vPortSetupTimerInterrupt               0x08006868   Section        0  port.o(i.vPortSetupTimerInterrupt)
    i.vQueueAddToRegistry                    0x08006894   Section        0  queue.o(i.vQueueAddToRegistry)
    i.vQueueWaitForMessageRestricted         0x08006920   Section        0  queue.o(i.vQueueWaitForMessageRestricted)
    i.vTaskDelay                             0x0800696c   Section        0  tasks.o(i.vTaskDelay)
    i.vTaskDelete                            0x080069f0   Section        0  tasks.o(i.vTaskDelete)
    i.vTaskInternalSetTimeOutState           0x08006b14   Section        0  tasks.o(i.vTaskInternalSetTimeOutState)
    i.vTaskMissedYield                       0x08006b2c   Section        0  tasks.o(i.vTaskMissedYield)
    i.vTaskPlaceOnEventList                  0x08006b38   Section        0  tasks.o(i.vTaskPlaceOnEventList)
    i.vTaskPlaceOnEventListRestricted        0x08006b9c   Section        0  tasks.o(i.vTaskPlaceOnEventListRestricted)
    i.vTaskPlaceOnUnorderedEventList         0x08006c28   Section        0  tasks.o(i.vTaskPlaceOnUnorderedEventList)
    i.vTaskRemoveFromUnorderedEventList      0x08006cd8   Section        0  tasks.o(i.vTaskRemoveFromUnorderedEventList)
    i.vTaskStartScheduler                    0x08006e08   Section        0  tasks.o(i.vTaskStartScheduler)
    i.vTaskSuspendAll                        0x08006ecc   Section        0  tasks.o(i.vTaskSuspendAll)
    i.vTaskSwitchContext                     0x08006edc   Section        0  tasks.o(i.vTaskSwitchContext)
    i.xEventGroupCreate                      0x08006f94   Section        0  event_groups.o(i.xEventGroupCreate)
    i.xEventGroupSetBits                     0x08006fb0   Section        0  event_groups.o(i.xEventGroupSetBits)
    i.xEventGroupWaitBits                    0x080070a8   Section        0  event_groups.o(i.xEventGroupWaitBits)
    i.xPortStartScheduler                    0x08007214   Section        0  port.o(i.xPortStartScheduler)
    i.xPortSysTickHandler                    0x08007360   Section        0  port.o(i.xPortSysTickHandler)
    i.xQueueGenericCreate                    0x08007394   Section        0  queue.o(i.xQueueGenericCreate)
    i.xQueueGenericReset                     0x08007424   Section        0  queue.o(i.xQueueGenericReset)
    i.xQueueGenericSend                      0x08007520   Section        0  queue.o(i.xQueueGenericSend)
    i.xQueueReceive                          0x08007704   Section        0  queue.o(i.xQueueReceive)
    i.xTaskCheckForTimeOut                   0x08007884   Section        0  tasks.o(i.xTaskCheckForTimeOut)
    i.xTaskCreate                            0x08007950   Section        0  tasks.o(i.xTaskCreate)
    i.xTaskDelayUntil                        0x080079b0   Section        0  tasks.o(i.xTaskDelayUntil)
    i.xTaskGetSchedulerState                 0x08007a9c   Section        0  tasks.o(i.xTaskGetSchedulerState)
    i.xTaskGetTickCount                      0x08007abc   Section        0  tasks.o(i.xTaskGetTickCount)
    i.xTaskIncrementTick                     0x08007ac8   Section        0  tasks.o(i.xTaskIncrementTick)
    i.xTaskPriorityDisinherit                0x08007cb0   Section        0  tasks.o(i.xTaskPriorityDisinherit)
    i.xTaskRemoveFromEventList               0x08007dc0   Section        0  tasks.o(i.xTaskRemoveFromEventList)
    i.xTaskResumeAll                         0x08007f0c   Section        0  tasks.o(i.xTaskResumeAll)
    i.xTimerCreateTimerTask                  0x080080ac   Section        0  timers.o(i.xTimerCreateTimerTask)
    x$fpl$dfixu                              0x0800812c   Section       90  dfixu.o(x$fpl$dfixu)
    x$fpl$dfltu                              0x08008186   Section       38  dflt_clz.o(x$fpl$dfltu)
    x$fpl$dmul                               0x080081ac   Section      340  dmul.o(x$fpl$dmul)
    x$fpl$dnaninf                            0x08008300   Section      156  dnaninf.o(x$fpl$dnaninf)
    x$fpl$dretinf                            0x0800839c   Section       12  dretinf.o(x$fpl$dretinf)
    .constdata                               0x080083a8   Section       24  system_stm32f1xx.o(.constdata)
    x$fpl$usenofp                            0x080083a8   Section        0  usenofp.o(x$fpl$usenofp)
    .constdata                               0x080083c0   Section       24  malloc.o(.constdata)
    .constdata                               0x080083d8   Section       40  _printf_hex_int.o(.constdata)
    uc_hextab                                0x080083d8   Data          20  _printf_hex_int.o(.constdata)
    lc_hextab                                0x080083ec   Data          20  _printf_hex_int.o(.constdata)
    .data                                    0x20000000   Section        4  system_stm32f1xx.o(.data)
    .data                                    0x20000004   Section       64  freertos_demo.o(.data)
    .data                                    0x20000044   Section        2  delay.o(.data)
    g_fac_us                                 0x20000044   Data           2  delay.o(.data)
    .data                                    0x20000048   Section        7  usart.o(.data)
    .data                                    0x20000050   Section        9  stm32f1xx_hal.o(.data)
    .data                                    0x20000059   Section        1  key.o(.data)
    key_up                                   0x20000059   Data           1  key.o(.data)
    .data                                    0x2000005c   Section       28  malloc.o(.data)
    .data                                    0x20000078   Section       64  tasks.o(.data)
    pxDelayedTaskList                        0x2000007c   Data           4  tasks.o(.data)
    pxOverflowDelayedTaskList                0x20000080   Data           4  tasks.o(.data)
    uxDeletedTasksWaitingCleanUp             0x20000084   Data           4  tasks.o(.data)
    uxCurrentNumberOfTasks                   0x20000088   Data           4  tasks.o(.data)
    xTickCount                               0x2000008c   Data           4  tasks.o(.data)
    uxTopReadyPriority                       0x20000090   Data           4  tasks.o(.data)
    xSchedulerRunning                        0x20000094   Data           4  tasks.o(.data)
    xPendedTicks                             0x20000098   Data           4  tasks.o(.data)
    xYieldPending                            0x2000009c   Data           4  tasks.o(.data)
    xNumOfOverflows                          0x200000a0   Data           4  tasks.o(.data)
    uxTaskNumber                             0x200000a4   Data           4  tasks.o(.data)
    xNextTaskUnblockTime                     0x200000a8   Data           4  tasks.o(.data)
    xIdleTaskHandle                          0x200000ac   Data           4  tasks.o(.data)
    uxSchedulerSuspended                     0x200000b4   Data           4  tasks.o(.data)
    .data                                    0x200000b8   Section       20  timers.o(.data)
    pxCurrentTimerList                       0x200000b8   Data           4  timers.o(.data)
    pxOverflowTimerList                      0x200000bc   Data           4  timers.o(.data)
    xTimerQueue                              0x200000c0   Data           4  timers.o(.data)
    xTimerTaskHandle                         0x200000c4   Data           4  timers.o(.data)
    xLastTime                                0x200000c8   Data           4  timers.o(.data)
    .data                                    0x200000cc   Section       32  heap_4.o(.data)
    xStart                                   0x200000cc   Data           8  heap_4.o(.data)
    pxEnd                                    0x200000d4   Data           4  heap_4.o(.data)
    xFreeBytesRemaining                      0x200000d8   Data           4  heap_4.o(.data)
    xMinimumEverFreeBytesRemaining           0x200000dc   Data           4  heap_4.o(.data)
    xNumberOfSuccessfulAllocations           0x200000e0   Data           4  heap_4.o(.data)
    xNumberOfSuccessfulFrees                 0x200000e4   Data           4  heap_4.o(.data)
    xBlockAllocatedBit                       0x200000e8   Data           4  heap_4.o(.data)
    .data                                    0x200000ec   Section       12  port.o(.data)
    uxCriticalNesting                        0x200000ec   Data           4  port.o(.data)
    ucMaxSysCallPriority                     0x200000f0   Data           1  port.o(.data)
    ulMaxPRIGROUPValue                       0x200000f4   Data           4  port.o(.data)
    .bss                                     0x200000f8   Section      264  usart.o(.bss)
    .bss                                     0x20000200   Section       86  lcd.o(.bss)
    .bss                                     0x20000258   Section      144  btim.o(.bss)
    .bss                                     0x20000300   Section    32640  malloc.o(.bss)
    mem1base                                 0x20000300   Data       30720  malloc.o(.bss)
    mem1mapbase                              0x20007b00   Data        1920  malloc.o(.bss)
    .bss                                     0x20008280   Section       64  queue.o(.bss)
    .bss                                     0x200082c0   Section      740  tasks.o(.bss)
    pxReadyTasksLists                        0x200082c0   Data         640  tasks.o(.bss)
    xDelayedTaskList1                        0x20008540   Data          20  tasks.o(.bss)
    xDelayedTaskList2                        0x20008554   Data          20  tasks.o(.bss)
    xPendingReadyList                        0x20008568   Data          20  tasks.o(.bss)
    xTasksWaitingTermination                 0x2000857c   Data          20  tasks.o(.bss)
    xSuspendedTaskList                       0x20008590   Data          20  tasks.o(.bss)
    .bss                                     0x200085a4   Section       40  timers.o(.bss)
    xActiveTimerList1                        0x200085a4   Data          20  timers.o(.bss)
    xActiveTimerList2                        0x200085b8   Data          20  timers.o(.bss)
    .bss                                     0x200085cc   Section    10240  heap_4.o(.bss)
    ucHeap                                   0x200085cc   Data       10240  heap_4.o(.bss)
    .bss                                     0x2000adcc   Section       96  libspace.o(.bss)
    HEAP                                     0x2000ae30   Section      512  startup_stm32f103xe.o(HEAP)
    Heap_Mem                                 0x2000ae30   Data         512  startup_stm32f103xe.o(HEAP)
    STACK                                    0x2000b030   Section     1024  startup_stm32f103xe.o(STACK)
    Stack_Mem                                0x2000b030   Data        1024  startup_stm32f103xe.o(STACK)
    __initial_sp                             0x2000b430   Data           0  startup_stm32f103xe.o(STACK)
    .ARM.__AT_0x68000000                     0x68000000   Section       32  malloc.o(.ARM.__AT_0x68000000)
    mem2base                                 0x68000000   Data          32  malloc.o(.ARM.__AT_0x68000000)
    .ARM.__AT_0x68000020                     0x68000020   Section        2  malloc.o(.ARM.__AT_0x68000020)
    mem2mapbase                              0x68000020   Data           2  malloc.o(.ARM.__AT_0x68000020)

    Global Symbols

    Symbol Name                              Value     Ov Type        Size  Object(Section)

    BuildAttributes$$THM_ISAv4$P$D$K$B$S$PE$A:L22UL41UL21$X:L11$S22US41US21$IEEE1$IW$USESV6$~STKCKD$USESV7$~SHL$OSPACE$ROPI$EBA8$UX$STANDARDLIB$REQ8$PRES8$EABIv2 0x00000000   Number         0  anon$$obj.o ABSOLUTE
    __ARM_use_no_argv                        0x00000000   Number         0  main.o ABSOLUTE
    __ARM_exceptions_init                     - Undefined Weak Reference
    __alloca_initialize                       - Undefined Weak Reference
    __arm_fini_                               - Undefined Weak Reference
    __arm_preinit_                            - Undefined Weak Reference
    __cpp_initialize__aeabi_                  - Undefined Weak Reference
    __cxa_finalize                            - Undefined Weak Reference
    __rt_locale                               - Undefined Weak Reference
    __sigvec_lookup                           - Undefined Weak Reference
    _atexit_init                              - Undefined Weak Reference
    _call_atexit_fns                          - Undefined Weak Reference
    _clock_init                               - Undefined Weak Reference
    _fp_trap_init                             - Undefined Weak Reference
    _fp_trap_shutdown                         - Undefined Weak Reference
    _get_lc_collate                           - Undefined Weak Reference
    _get_lc_ctype                             - Undefined Weak Reference
    _get_lc_monetary                          - Undefined Weak Reference
    _get_lc_numeric                           - Undefined Weak Reference
    _get_lc_time                              - Undefined Weak Reference
    _getenv_init                              - Undefined Weak Reference
    _handle_redirection                       - Undefined Weak Reference
    _init_alloc                               - Undefined Weak Reference
    _init_user_alloc                          - Undefined Weak Reference
    _initio                                   - Undefined Weak Reference
    _mutex_acquire                            - Undefined Weak Reference
    _mutex_release                            - Undefined Weak Reference
    _printf_mbtowc                            - Undefined Weak Reference
    _printf_post_padding                      - Undefined Weak Reference
    _printf_pre_padding                       - Undefined Weak Reference
    _printf_truncate_signed                   - Undefined Weak Reference
    _printf_truncate_unsigned                 - Undefined Weak Reference
    _rand_init                                - Undefined Weak Reference
    _signal_finish                            - Undefined Weak Reference
    _signal_init                              - Undefined Weak Reference
    _terminate_alloc                          - Undefined Weak Reference
    _terminate_user_alloc                     - Undefined Weak Reference
    _terminateio                              - Undefined Weak Reference
    __Vectors_Size                           0x00000130   Number         0  startup_stm32f103xe.o ABSOLUTE
    __Vectors                                0x08000000   Data           4  startup_stm32f103xe.o(RESET)
    __Vectors_End                            0x08000130   Data           0  startup_stm32f103xe.o(RESET)
    __main                                   0x08000131   Thumb Code     8  __main.o(!!!main)
    __scatterload                            0x08000139   Thumb Code     0  __scatter.o(!!!scatter)
    __scatterload_rt2                        0x08000139   Thumb Code    44  __scatter.o(!!!scatter)
    __scatterload_rt2_thumb_only             0x08000139   Thumb Code     0  __scatter.o(!!!scatter)
    __scatterload_null                       0x08000147   Thumb Code     0  __scatter.o(!!!scatter)
    __scatterload_copy                       0x0800016d   Thumb Code    26  __scatter_copy.o(!!handler_copy)
    __scatterload_zeroinit                   0x08000189   Thumb Code    28  __scatter_zi.o(!!handler_zi)
    _printf_d                                0x080001a5   Thumb Code     0  _printf_d.o(.ARM.Collect$$_printf_percent$$00000009)
    _printf_percent                          0x080001a5   Thumb Code     0  _printf_percent.o(.ARM.Collect$$_printf_percent$$00000000)
    _printf_x                                0x080001ab   Thumb Code     0  _printf_x.o(.ARM.Collect$$_printf_percent$$0000000C)
    _printf_s                                0x080001b1   Thumb Code     0  _printf_s.o(.ARM.Collect$$_printf_percent$$00000014)
    _printf_percent_end                      0x080001b7   Thumb Code     0  _printf_percent_end.o(.ARM.Collect$$_printf_percent$$00000017)
    __rt_lib_init                            0x080001bb   Thumb Code     0  libinit.o(.ARM.Collect$$libinit$$00000000)
    __rt_lib_init_alloca_1                   0x080001bd   Thumb Code     0  libinit2.o(.ARM.Collect$$libinit$$0000002E)
    __rt_lib_init_argv_1                     0x080001bd   Thumb Code     0  libinit2.o(.ARM.Collect$$libinit$$0000002C)
    __rt_lib_init_atexit_1                   0x080001bd   Thumb Code     0  libinit2.o(.ARM.Collect$$libinit$$0000001B)
    __rt_lib_init_clock_1                    0x080001bd   Thumb Code     0  libinit2.o(.ARM.Collect$$libinit$$00000021)
    __rt_lib_init_cpp_1                      0x080001bd   Thumb Code     0  libinit2.o(.ARM.Collect$$libinit$$00000032)
    __rt_lib_init_exceptions_1               0x080001bd   Thumb Code     0  libinit2.o(.ARM.Collect$$libinit$$00000030)
    __rt_lib_init_fp_1                       0x080001bd   Thumb Code     0  libinit2.o(.ARM.Collect$$libinit$$00000002)
    __rt_lib_init_fp_trap_1                  0x080001bd   Thumb Code     0  libinit2.o(.ARM.Collect$$libinit$$0000001F)
    __rt_lib_init_getenv_1                   0x080001bd   Thumb Code     0  libinit2.o(.ARM.Collect$$libinit$$00000023)
    __rt_lib_init_heap_1                     0x080001bd   Thumb Code     0  libinit2.o(.ARM.Collect$$libinit$$0000000A)
    __rt_lib_init_lc_collate_1               0x080001bd   Thumb Code     0  libinit2.o(.ARM.Collect$$libinit$$00000011)
    __rt_lib_init_lc_ctype_1                 0x080001bd   Thumb Code     0  libinit2.o(.ARM.Collect$$libinit$$00000013)
    __rt_lib_init_lc_monetary_1              0x080001bd   Thumb Code     0  libinit2.o(.ARM.Collect$$libinit$$00000015)
    __rt_lib_init_lc_numeric_1               0x080001bd   Thumb Code     0  libinit2.o(.ARM.Collect$$libinit$$00000017)
    __rt_lib_init_lc_time_1                  0x080001bd   Thumb Code     0  libinit2.o(.ARM.Collect$$libinit$$00000019)
    __rt_lib_init_preinit_1                  0x080001bd   Thumb Code     0  libinit2.o(.ARM.Collect$$libinit$$00000004)
    __rt_lib_init_rand_1                     0x080001bd   Thumb Code     0  libinit2.o(.ARM.Collect$$libinit$$0000000E)
    __rt_lib_init_return                     0x080001bd   Thumb Code     0  libinit2.o(.ARM.Collect$$libinit$$00000033)
    __rt_lib_init_signal_1                   0x080001bd   Thumb Code     0  libinit2.o(.ARM.Collect$$libinit$$0000001D)
    __rt_lib_init_stdio_1                    0x080001bd   Thumb Code     0  libinit2.o(.ARM.Collect$$libinit$$00000025)
    __rt_lib_init_user_alloc_1               0x080001bd   Thumb Code     0  libinit2.o(.ARM.Collect$$libinit$$0000000C)
    __rt_lib_shutdown                        0x080001bf   Thumb Code     0  libshutdown.o(.ARM.Collect$$libshutdown$$00000000)
    __rt_lib_shutdown_cpp_1                  0x080001c1   Thumb Code     0  libshutdown2.o(.ARM.Collect$$libshutdown$$00000004)
    __rt_lib_shutdown_fini_1                 0x080001c1   Thumb Code     0  libshutdown2.o(.ARM.Collect$$libshutdown$$00000002)
    __rt_lib_shutdown_fp_trap_1              0x080001c1   Thumb Code     0  libshutdown2.o(.ARM.Collect$$libshutdown$$00000009)
    __rt_lib_shutdown_heap_1                 0x080001c1   Thumb Code     0  libshutdown2.o(.ARM.Collect$$libshutdown$$00000011)
    __rt_lib_shutdown_return                 0x080001c1   Thumb Code     0  libshutdown2.o(.ARM.Collect$$libshutdown$$00000012)
    __rt_lib_shutdown_signal_1               0x080001c1   Thumb Code     0  libshutdown2.o(.ARM.Collect$$libshutdown$$0000000C)
    __rt_lib_shutdown_stdio_1                0x080001c1   Thumb Code     0  libshutdown2.o(.ARM.Collect$$libshutdown$$00000006)
    __rt_lib_shutdown_user_alloc_1           0x080001c1   Thumb Code     0  libshutdown2.o(.ARM.Collect$$libshutdown$$0000000E)
    __rt_entry                               0x080001c3   Thumb Code     0  __rtentry.o(.ARM.Collect$$rtentry$$00000000)
    __rt_entry_presh_1                       0x080001c3   Thumb Code     0  __rtentry2.o(.ARM.Collect$$rtentry$$00000002)
    __rt_entry_sh                            0x080001c3   Thumb Code     0  __rtentry4.o(.ARM.Collect$$rtentry$$00000004)
    __rt_entry_li                            0x080001c9   Thumb Code     0  __rtentry2.o(.ARM.Collect$$rtentry$$0000000A)
    __rt_entry_postsh_1                      0x080001c9   Thumb Code     0  __rtentry2.o(.ARM.Collect$$rtentry$$00000009)
    __rt_entry_main                          0x080001cd   Thumb Code     0  __rtentry2.o(.ARM.Collect$$rtentry$$0000000D)
    __rt_entry_postli_1                      0x080001cd   Thumb Code     0  __rtentry2.o(.ARM.Collect$$rtentry$$0000000C)
    __rt_exit                                0x080001d5   Thumb Code     0  rtexit.o(.ARM.Collect$$rtexit$$00000000)
    __rt_exit_ls                             0x080001d7   Thumb Code     0  rtexit2.o(.ARM.Collect$$rtexit$$00000003)
    __rt_exit_prels_1                        0x080001d7   Thumb Code     0  rtexit2.o(.ARM.Collect$$rtexit$$00000002)
    __rt_exit_exit                           0x080001db   Thumb Code     0  rtexit2.o(.ARM.Collect$$rtexit$$00000004)
    SVC_Handler                              0x080001e1   Thumb Code    32  port.o(.emb_text)
    __asm___6_port_c_39a90d8d__prvStartFirstTask 0x08000205   Thumb Code    28  port.o(.emb_text)
    PendSV_Handler                           0x08000225   Thumb Code    72  port.o(.emb_text)
    vPortGetIPSR                             0x08000271   Thumb Code     6  port.o(.emb_text)
    Reset_Handler                            0x08000279   Thumb Code     8  startup_stm32f103xe.o(.text)
    ADC1_2_IRQHandler                        0x08000293   Thumb Code     0  startup_stm32f103xe.o(.text)
    ADC3_IRQHandler                          0x08000293   Thumb Code     0  startup_stm32f103xe.o(.text)
    CAN1_RX1_IRQHandler                      0x08000293   Thumb Code     0  startup_stm32f103xe.o(.text)
    CAN1_SCE_IRQHandler                      0x08000293   Thumb Code     0  startup_stm32f103xe.o(.text)
    DMA1_Channel1_IRQHandler                 0x08000293   Thumb Code     0  startup_stm32f103xe.o(.text)
    DMA1_Channel2_IRQHandler                 0x08000293   Thumb Code     0  startup_stm32f103xe.o(.text)
    DMA1_Channel3_IRQHandler                 0x08000293   Thumb Code     0  startup_stm32f103xe.o(.text)
    DMA1_Channel4_IRQHandler                 0x08000293   Thumb Code     0  startup_stm32f103xe.o(.text)
    DMA1_Channel5_IRQHandler                 0x08000293   Thumb Code     0  startup_stm32f103xe.o(.text)
    DMA1_Channel6_IRQHandler                 0x08000293   Thumb Code     0  startup_stm32f103xe.o(.text)
    DMA1_Channel7_IRQHandler                 0x08000293   Thumb Code     0  startup_stm32f103xe.o(.text)
    DMA2_Channel1_IRQHandler                 0x08000293   Thumb Code     0  startup_stm32f103xe.o(.text)
    DMA2_Channel2_IRQHandler                 0x08000293   Thumb Code     0  startup_stm32f103xe.o(.text)
    DMA2_Channel3_IRQHandler                 0x08000293   Thumb Code     0  startup_stm32f103xe.o(.text)
    DMA2_Channel4_5_IRQHandler               0x08000293   Thumb Code     0  startup_stm32f103xe.o(.text)
    EXTI0_IRQHandler                         0x08000293   Thumb Code     0  startup_stm32f103xe.o(.text)
    EXTI15_10_IRQHandler                     0x08000293   Thumb Code     0  startup_stm32f103xe.o(.text)
    EXTI1_IRQHandler                         0x08000293   Thumb Code     0  startup_stm32f103xe.o(.text)
    EXTI2_IRQHandler                         0x08000293   Thumb Code     0  startup_stm32f103xe.o(.text)
    EXTI3_IRQHandler                         0x08000293   Thumb Code     0  startup_stm32f103xe.o(.text)
    EXTI4_IRQHandler                         0x08000293   Thumb Code     0  startup_stm32f103xe.o(.text)
    EXTI9_5_IRQHandler                       0x08000293   Thumb Code     0  startup_stm32f103xe.o(.text)
    FLASH_IRQHandler                         0x08000293   Thumb Code     0  startup_stm32f103xe.o(.text)
    FSMC_IRQHandler                          0x08000293   Thumb Code     0  startup_stm32f103xe.o(.text)
    I2C1_ER_IRQHandler                       0x08000293   Thumb Code     0  startup_stm32f103xe.o(.text)
    I2C1_EV_IRQHandler                       0x08000293   Thumb Code     0  startup_stm32f103xe.o(.text)
    I2C2_ER_IRQHandler                       0x08000293   Thumb Code     0  startup_stm32f103xe.o(.text)
    I2C2_EV_IRQHandler                       0x08000293   Thumb Code     0  startup_stm32f103xe.o(.text)
    PVD_IRQHandler                           0x08000293   Thumb Code     0  startup_stm32f103xe.o(.text)
    RCC_IRQHandler                           0x08000293   Thumb Code     0  startup_stm32f103xe.o(.text)
    RTC_Alarm_IRQHandler                     0x08000293   Thumb Code     0  startup_stm32f103xe.o(.text)
    RTC_IRQHandler                           0x08000293   Thumb Code     0  startup_stm32f103xe.o(.text)
    SDIO_IRQHandler                          0x08000293   Thumb Code     0  startup_stm32f103xe.o(.text)
    SPI1_IRQHandler                          0x08000293   Thumb Code     0  startup_stm32f103xe.o(.text)
    SPI2_IRQHandler                          0x08000293   Thumb Code     0  startup_stm32f103xe.o(.text)
    SPI3_IRQHandler                          0x08000293   Thumb Code     0  startup_stm32f103xe.o(.text)
    TAMPER_IRQHandler                        0x08000293   Thumb Code     0  startup_stm32f103xe.o(.text)
    TIM1_BRK_IRQHandler                      0x08000293   Thumb Code     0  startup_stm32f103xe.o(.text)
    TIM1_CC_IRQHandler                       0x08000293   Thumb Code     0  startup_stm32f103xe.o(.text)
    TIM1_TRG_COM_IRQHandler                  0x08000293   Thumb Code     0  startup_stm32f103xe.o(.text)
    TIM1_UP_IRQHandler                       0x08000293   Thumb Code     0  startup_stm32f103xe.o(.text)
    TIM2_IRQHandler                          0x08000293   Thumb Code     0  startup_stm32f103xe.o(.text)
    TIM3_IRQHandler                          0x08000293   Thumb Code     0  startup_stm32f103xe.o(.text)
    TIM4_IRQHandler                          0x08000293   Thumb Code     0  startup_stm32f103xe.o(.text)
    TIM5_IRQHandler                          0x08000293   Thumb Code     0  startup_stm32f103xe.o(.text)
    TIM8_BRK_IRQHandler                      0x08000293   Thumb Code     0  startup_stm32f103xe.o(.text)
    TIM8_CC_IRQHandler                       0x08000293   Thumb Code     0  startup_stm32f103xe.o(.text)
    TIM8_TRG_COM_IRQHandler                  0x08000293   Thumb Code     0  startup_stm32f103xe.o(.text)
    TIM8_UP_IRQHandler                       0x08000293   Thumb Code     0  startup_stm32f103xe.o(.text)
    UART4_IRQHandler                         0x08000293   Thumb Code     0  startup_stm32f103xe.o(.text)
    UART5_IRQHandler                         0x08000293   Thumb Code     0  startup_stm32f103xe.o(.text)
    USART2_IRQHandler                        0x08000293   Thumb Code     0  startup_stm32f103xe.o(.text)
    USART3_IRQHandler                        0x08000293   Thumb Code     0  startup_stm32f103xe.o(.text)
    USBWakeUp_IRQHandler                     0x08000293   Thumb Code     0  startup_stm32f103xe.o(.text)
    USB_HP_CAN1_TX_IRQHandler                0x08000293   Thumb Code     0  startup_stm32f103xe.o(.text)
    USB_LP_CAN1_RX0_IRQHandler               0x08000293   Thumb Code     0  startup_stm32f103xe.o(.text)
    WWDG_IRQHandler                          0x08000293   Thumb Code     0  startup_stm32f103xe.o(.text)
    __user_initial_stackheap                 0x08000295   Thumb Code     0  startup_stm32f103xe.o(.text)
    __use_no_semihosting                     0x080002b9   Thumb Code     2  use_no_semi_2.o(.text)
    __2printf                                0x080002bd   Thumb Code    20  noretval__2printf.o(.text)
    __2snprintf                              0x080002d5   Thumb Code    48  noretval__2snprintf.o(.text)
    __printf                                 0x08000309   Thumb Code   104  __printf.o(.text)
    _printf_str                              0x08000371   Thumb Code    82  _printf_str.o(.text)
    _printf_int_dec                          0x080003c5   Thumb Code   104  _printf_dec.o(.text)
    _printf_int_hex                          0x0800043d   Thumb Code    84  _printf_hex_int.o(.text)
    _printf_longlong_hex                     0x0800043d   Thumb Code     0  _printf_hex_int.o(.text)
    __aeabi_memcpy                           0x08000495   Thumb Code     0  rt_memcpy_v6.o(.text)
    __rt_memcpy                              0x08000495   Thumb Code   138  rt_memcpy_v6.o(.text)
    _memcpy_lastbytes                        0x080004fb   Thumb Code     0  rt_memcpy_v6.o(.text)
    __aeabi_memset                           0x0800051f   Thumb Code    16  aeabi_memset.o(.text)
    __aeabi_memclr4                          0x0800052f   Thumb Code     0  rt_memclr_w.o(.text)
    __aeabi_memclr8                          0x0800052f   Thumb Code     0  rt_memclr_w.o(.text)
    __rt_memclr_w                            0x0800052f   Thumb Code    78  rt_memclr_w.o(.text)
    _memset_w                                0x08000533   Thumb Code     0  rt_memclr_w.o(.text)
    __use_two_region_memory                  0x0800057d   Thumb Code     2  heapauxi.o(.text)
    __rt_heap_escrow$2region                 0x0800057f   Thumb Code     2  heapauxi.o(.text)
    __rt_heap_expand$2region                 0x08000581   Thumb Code     2  heapauxi.o(.text)
    __semihosting$guard                      0x08000583   Thumb Code     0  use_no_semi.o(.text)
    __use_no_semihosting_swi                 0x08000583   Thumb Code     2  use_no_semi.o(.text)
    _printf_int_common                       0x08000585   Thumb Code   178  _printf_intcommon.o(.text)
    _printf_char_common                      0x08000643   Thumb Code    32  _printf_char_common.o(.text)
    _sputc                                   0x08000669   Thumb Code    10  _sputc.o(.text)
    _snputc                                  0x08000673   Thumb Code    16  _snputc.o(.text)
    _printf_cs_common                        0x08000683   Thumb Code    20  _printf_char.o(.text)
    _printf_char                             0x08000697   Thumb Code    16  _printf_char.o(.text)
    _printf_string                           0x080006a7   Thumb Code     8  _printf_char.o(.text)
    _printf_char_file                        0x080006b1   Thumb Code    32  _printf_char_file.o(.text)
    __aeabi_memcpy4                          0x080006d5   Thumb Code     0  rt_memcpy_w.o(.text)
    __aeabi_memcpy8                          0x080006d5   Thumb Code     0  rt_memcpy_w.o(.text)
    __rt_memcpy_w                            0x080006d5   Thumb Code   100  rt_memcpy_w.o(.text)
    _memcpy_lastbytes_aligned                0x0800071d   Thumb Code     0  rt_memcpy_w.o(.text)
    __aeabi_memclr                           0x08000739   Thumb Code     0  rt_memclr.o(.text)
    __rt_memclr                              0x08000739   Thumb Code    68  rt_memclr.o(.text)
    _memset                                  0x0800073d   Thumb Code     0  rt_memclr.o(.text)
    ferror                                   0x0800077d   Thumb Code     8  ferror.o(.text)
    __user_setup_stackheap                   0x08000785   Thumb Code    74  sys_stackheap_outer.o(.text)
    exit                                     0x080007cf   Thumb Code    18  exit.o(.text)
    __user_libspace                          0x080007e1   Thumb Code     8  libspace.o(.text)
    __user_perproc_libspace                  0x080007e1   Thumb Code     0  libspace.o(.text)
    __user_perthread_libspace                0x080007e1   Thumb Code     0  libspace.o(.text)
    BusFault_Handler                         0x080007e9   Thumb Code     4  stm32f1xx_it.o(i.BusFault_Handler)
    DebugMon_Handler                         0x080007ed   Thumb Code     2  stm32f1xx_it.o(i.DebugMon_Handler)
    Dht11_GPIO_IN                            0x080007f1   Thumb Code    60  dht11.o(i.Dht11_GPIO_IN)
    Dht11_GPIO_OUT                           0x08000835   Thumb Code    54  dht11.o(i.Dht11_GPIO_OUT)
    Dht11_HIGH                               0x08000875   Thumb Code    14  dht11.o(i.Dht11_HIGH)
    Dht11_LOW                                0x08000889   Thumb Code    14  dht11.o(i.Dht11_LOW)
    Dht11_start                              0x0800089d   Thumb Code    32  dht11.o(i.Dht11_start)
    FSMC_NORSRAM_Extended_Timing_Init        0x080008bd   Thumb Code    62  stm32f1xx_ll_fsmc.o(i.FSMC_NORSRAM_Extended_Timing_Init)
    FSMC_NORSRAM_Init                        0x08000901   Thumb Code   116  stm32f1xx_ll_fsmc.o(i.FSMC_NORSRAM_Init)
    FSMC_NORSRAM_Timing_Init                 0x08000979   Thumb Code    66  stm32f1xx_ll_fsmc.o(i.FSMC_NORSRAM_Timing_Init)
    HAL_DMA_Abort_IT                         0x080009bd   Thumb Code   414  stm32f1xx_hal_dma.o(i.HAL_DMA_Abort_IT)
    HAL_GPIO_Init                            0x08000b65   Thumb Code   792  stm32f1xx_hal_gpio.o(i.HAL_GPIO_Init)
    HAL_GPIO_ReadPin                         0x08000ea5   Thumb Code    16  stm32f1xx_hal_gpio.o(i.HAL_GPIO_ReadPin)
    HAL_GPIO_TogglePin                       0x08000eb5   Thumb Code    20  stm32f1xx_hal_gpio.o(i.HAL_GPIO_TogglePin)
    HAL_GPIO_WritePin                        0x08000ec9   Thumb Code    12  stm32f1xx_hal_gpio.o(i.HAL_GPIO_WritePin)
    HAL_GetTick                              0x08000ed5   Thumb Code     6  stm32f1xx_hal.o(i.HAL_GetTick)
    HAL_IncTick                              0x08000ee1   Thumb Code    16  stm32f1xx_hal.o(i.HAL_IncTick)
    HAL_Init                                 0x08000ef9   Thumb Code    34  stm32f1xx_hal.o(i.HAL_Init)
    HAL_InitTick                             0x08000f21   Thumb Code    64  stm32f1xx_hal.o(i.HAL_InitTick)
    HAL_MspInit                              0x08000f6d   Thumb Code     2  stm32f1xx_hal.o(i.HAL_MspInit)
    HAL_NVIC_EnableIRQ                       0x08000f6f   Thumb Code    32  stm32f1xx_hal_cortex.o(i.HAL_NVIC_EnableIRQ)
    HAL_NVIC_SetPriority                     0x08000f8f   Thumb Code   124  stm32f1xx_hal_cortex.o(i.HAL_NVIC_SetPriority)
    HAL_NVIC_SetPriorityGrouping             0x0800100d   Thumb Code    32  stm32f1xx_hal_cortex.o(i.HAL_NVIC_SetPriorityGrouping)
    HAL_RCC_ClockConfig                      0x08001035   Thumb Code   376  stm32f1xx_hal_rcc.o(i.HAL_RCC_ClockConfig)
    HAL_RCC_GetHCLKFreq                      0x080011c1   Thumb Code     6  stm32f1xx_hal_rcc.o(i.HAL_RCC_GetHCLKFreq)
    HAL_RCC_GetPCLK1Freq                     0x080011cd   Thumb Code    22  stm32f1xx_hal_rcc.o(i.HAL_RCC_GetPCLK1Freq)
    HAL_RCC_GetPCLK2Freq                     0x080011ed   Thumb Code    22  stm32f1xx_hal_rcc.o(i.HAL_RCC_GetPCLK2Freq)
    HAL_RCC_GetSysClockFreq                  0x0800120d   Thumb Code   116  stm32f1xx_hal_rcc.o(i.HAL_RCC_GetSysClockFreq)
    HAL_RCC_OscConfig                        0x080012a1   Thumb Code  1114  stm32f1xx_hal_rcc.o(i.HAL_RCC_OscConfig)
    HAL_SRAM_Init                            0x08001705   Thumb Code   102  stm32f1xx_hal_sram.o(i.HAL_SRAM_Init)
    HAL_SRAM_MspInit                         0x0800176d   Thumb Code   130  lcd.o(i.HAL_SRAM_MspInit)
    HAL_SYSTICK_CLKSourceConfig              0x080017fd   Thumb Code    40  stm32f1xx_hal_cortex.o(i.HAL_SYSTICK_CLKSourceConfig)
    HAL_SYSTICK_Config                       0x08001825   Thumb Code    52  stm32f1xx_hal_cortex.o(i.HAL_SYSTICK_Config)
    HAL_TIMEx_BreakCallback                  0x08001859   Thumb Code     2  stm32f1xx_hal_tim_ex.o(i.HAL_TIMEx_BreakCallback)
    HAL_TIMEx_CommutCallback                 0x0800185b   Thumb Code     2  stm32f1xx_hal_tim_ex.o(i.HAL_TIMEx_CommutCallback)
    HAL_TIM_IC_CaptureCallback               0x0800185d   Thumb Code     2  stm32f1xx_hal_tim.o(i.HAL_TIM_IC_CaptureCallback)
    HAL_TIM_IRQHandler                       0x0800185f   Thumb Code   406  stm32f1xx_hal_tim.o(i.HAL_TIM_IRQHandler)
    HAL_TIM_OC_DelayElapsedCallback          0x080019f5   Thumb Code     2  stm32f1xx_hal_tim.o(i.HAL_TIM_OC_DelayElapsedCallback)
    HAL_TIM_PWM_PulseFinishedCallback        0x080019f7   Thumb Code     2  stm32f1xx_hal_tim.o(i.HAL_TIM_PWM_PulseFinishedCallback)
    HAL_TIM_PeriodElapsedCallback            0x080019f9   Thumb Code    30  btim.o(i.HAL_TIM_PeriodElapsedCallback)
    HAL_TIM_TriggerCallback                  0x08001a25   Thumb Code     2  stm32f1xx_hal_tim.o(i.HAL_TIM_TriggerCallback)
    HAL_UART_ErrorCallback                   0x08001a27   Thumb Code     2  stm32f1xx_hal_uart.o(i.HAL_UART_ErrorCallback)
    HAL_UART_IRQHandler                      0x08001a29   Thumb Code   334  stm32f1xx_hal_uart.o(i.HAL_UART_IRQHandler)
    HAL_UART_Init                            0x08001b7d   Thumb Code   114  stm32f1xx_hal_uart.o(i.HAL_UART_Init)
    HAL_UART_MspInit                         0x08001bf1   Thumb Code   168  usart.o(i.HAL_UART_MspInit)
    HAL_UART_Receive_IT                      0x08001ca5   Thumb Code   112  stm32f1xx_hal_uart.o(i.HAL_UART_Receive_IT)
    HAL_UART_RxCpltCallback                  0x08001d15   Thumb Code   120  usart.o(i.HAL_UART_RxCpltCallback)
    HAL_UART_Transmit                        0x08001d9d   Thumb Code   210  stm32f1xx_hal_uart.o(i.HAL_UART_Transmit)
    HAL_UART_TxCpltCallback                  0x08001e6f   Thumb Code     2  stm32f1xx_hal_uart.o(i.HAL_UART_TxCpltCallback)
    HardFault_Handler                        0x08001e71   Thumb Code     4  stm32f1xx_it.o(i.HardFault_Handler)
    MemManage_Handler                        0x08001e75   Thumb Code     4  stm32f1xx_it.o(i.MemManage_Handler)
    NMI_Handler                              0x08001e79   Thumb Code     2  stm32f1xx_it.o(i.NMI_Handler)
    SysTick_Handler                          0x08001ea5   Thumb Code    20  delay.o(i.SysTick_Handler)
    SystemInit                               0x08001eb9   Thumb Code     2  system_stm32f1xx.o(i.SystemInit)
    TIM6_IRQHandler                          0x08001ebd   Thumb Code    10  btim.o(i.TIM6_IRQHandler)
    TIM7_IRQHandler                          0x08001ecd   Thumb Code    10  btim.o(i.TIM7_IRQHandler)
    USART1_IRQHandler                        0x08002199   Thumb Code    26  usart.o(i.USART1_IRQHandler)
    UsageFault_Handler                       0x080021bd   Thumb Code     4  stm32f1xx_it.o(i.UsageFault_Handler)
    _sys_exit                                0x080021f9   Thumb Code     4  usart.o(i._sys_exit)
    delay_init                               0x080021fd   Thumb Code    74  delay.o(i.delay_init)
    delay_ms                                 0x0800224d   Thumb Code    24  delay.o(i.delay_ms)
    delay_us                                 0x08002265   Thumb Code    68  delay.o(i.delay_us)
    fputc                                    0x080022ad   Thumb Code    24  usart.o(i.fputc)
    freertos_demo                            0x080022c9   Thumb Code    28  freertos_demo.o(i.freertos_demo)
    key_init                                 0x080022f9   Thumb Code   172  key.o(i.key_init)
    key_scan                                 0x080023b1   Thumb Code   148  key.o(i.key_scan)
    lcd_clear                                0x08002451   Thumb Code    42  lcd.o(i.lcd_clear)
    lcd_display_dir                          0x08002485   Thumb Code   298  lcd.o(i.lcd_display_dir)
    lcd_ex_ili9341_reginit                   0x080025b5   Thumb Code   556  lcd.o(i.lcd_ex_ili9341_reginit)
    lcd_ex_nt35310_reginit                   0x080027e1   Thumb Code  3826  lcd.o(i.lcd_ex_nt35310_reginit)
    lcd_ex_nt35510_reginit                   0x080036d3   Thumb Code  3836  lcd.o(i.lcd_ex_nt35510_reginit)
    lcd_ex_ssd1963_reginit                   0x080045cf   Thumb Code   366  lcd.o(i.lcd_ex_ssd1963_reginit)
    lcd_ex_st7789_reginit                    0x0800473d   Thumb Code   424  lcd.o(i.lcd_ex_st7789_reginit)
    lcd_init                                 0x080048e5   Thumb Code   892  lcd.o(i.lcd_init)
    lcd_scan_dir                             0x08004c9d   Thumb Code   556  lcd.o(i.lcd_scan_dir)
    lcd_set_cursor                           0x08004ecd   Thumb Code   282  lcd.o(i.lcd_set_cursor)
    lcd_ssd_backlight_set                    0x08004fed   Thumb Code    80  lcd.o(i.lcd_ssd_backlight_set)
    lcd_wr_data                              0x08005041   Thumb Code    18  lcd.o(i.lcd_wr_data)
    lcd_wr_regno                             0x08005059   Thumb Code    18  lcd.o(i.lcd_wr_regno)
    lcd_write_ram_prepare                    0x08005071   Thumb Code    10  lcd.o(i.lcd_write_ram_prepare)
    lcd_write_reg                            0x08005085   Thumb Code    10  lcd.o(i.lcd_write_reg)
    led_init                                 0x08005095   Thumb Code   132  led.o(i.led_init)
    main                                     0x08005121   Thumb Code    54  main.o(i.main)
    my_mem_init                              0x08005159   Thumb Code    38  malloc.o(i.my_mem_init)
    my_mem_perused                           0x08005189   Thumb Code    56  malloc.o(i.my_mem_perused)
    my_mem_set                               0x080051c9   Thumb Code    20  malloc.o(i.my_mem_set)
    pvPortMalloc                             0x08005d51   Thumb Code   306  heap_4.o(i.pvPortMalloc)
    pxPortInitialiseStack                    0x08005ee5   Thumb Code    30  port.o(i.pxPortInitialiseStack)
    read_bit                                 0x08005f09   Thumb Code    62  dht11.o(i.read_bit)
    read_byte                                0x08005f4d   Thumb Code    32  dht11.o(i.read_byte)
    read_data                                0x08005f6d   Thumb Code   164  dht11.o(i.read_data)
    start_task                               0x08006045   Thumb Code   170  freertos_demo.o(i.start_task)
    sys_stm32_clock_init                     0x08006165   Thumb Code    86  sys.o(i.sys_stm32_clock_init)
    task_button                              0x080061bd   Thumb Code    30  freertos_demo.o(i.task_button)
    task_handle                              0x080061e1   Thumb Code   106  freertos_demo.o(i.task_handle)
    task_led                                 0x080062c9   Thumb Code    92  freertos_demo.o(i.task_led)
    task_sensor                              0x08006369   Thumb Code   182  freertos_demo.o(i.task_sensor)
    task_usart                               0x080064d1   Thumb Code    90  freertos_demo.o(i.task_usart)
    usart_init                               0x08006599   Thumb Code    44  usart.o(i.usart_init)
    uxListRemove                             0x080065d1   Thumb Code    40  list.o(i.uxListRemove)
    uxTaskResetEventItemValue                0x080065f9   Thumb Code    24  tasks.o(i.uxTaskResetEventItemValue)
    vListInitialise                          0x08006615   Thumb Code    26  list.o(i.vListInitialise)
    vListInitialiseItem                      0x0800662f   Thumb Code     6  list.o(i.vListInitialiseItem)
    vListInsert                              0x08006635   Thumb Code    52  list.o(i.vListInsert)
    vListInsertEnd                           0x08006669   Thumb Code    24  list.o(i.vListInsertEnd)
    vPortEnterCritical                       0x08006681   Thumb Code    68  port.o(i.vPortEnterCritical)
    vPortExitCritical                        0x08006715   Thumb Code    48  port.o(i.vPortExitCritical)
    vPortFree                                0x08006791   Thumb Code   130  heap_4.o(i.vPortFree)
    vPortSetupTimerInterrupt                 0x08006869   Thumb Code    38  port.o(i.vPortSetupTimerInterrupt)
    vQueueAddToRegistry                      0x08006895   Thumb Code    84  queue.o(i.vQueueAddToRegistry)
    vQueueWaitForMessageRestricted           0x08006921   Thumb Code    74  queue.o(i.vQueueWaitForMessageRestricted)
    vTaskDelay                               0x0800696d   Thumb Code    72  tasks.o(i.vTaskDelay)
    vTaskDelete                              0x080069f1   Thumb Code   200  tasks.o(i.vTaskDelete)
    vTaskInternalSetTimeOutState             0x08006b15   Thumb Code    14  tasks.o(i.vTaskInternalSetTimeOutState)
    vTaskMissedYield                         0x08006b2d   Thumb Code     8  tasks.o(i.vTaskMissedYield)
    vTaskPlaceOnEventList                    0x08006b39   Thumb Code    42  tasks.o(i.vTaskPlaceOnEventList)
    vTaskPlaceOnEventListRestricted          0x08006b9d   Thumb Code    84  tasks.o(i.vTaskPlaceOnEventListRestricted)
    vTaskPlaceOnUnorderedEventList           0x08006c29   Thumb Code   114  tasks.o(i.vTaskPlaceOnUnorderedEventList)
    vTaskRemoveFromUnorderedEventList        0x08006cd9   Thumb Code   230  tasks.o(i.vTaskRemoveFromUnorderedEventList)
    vTaskStartScheduler                      0x08006e09   Thumb Code   112  tasks.o(i.vTaskStartScheduler)
    vTaskSuspendAll                          0x08006ecd   Thumb Code    12  tasks.o(i.vTaskSuspendAll)
    vTaskSwitchContext                       0x08006edd   Thumb Code   110  tasks.o(i.vTaskSwitchContext)
    xEventGroupCreate                        0x08006f95   Thumb Code    26  event_groups.o(i.xEventGroupCreate)
    xEventGroupSetBits                       0x08006fb1   Thumb Code   186  event_groups.o(i.xEventGroupSetBits)
    xEventGroupWaitBits                      0x080070a9   Thumb Code   298  event_groups.o(i.xEventGroupWaitBits)
    xPortStartScheduler                      0x08007215   Thumb Code   240  port.o(i.xPortStartScheduler)
    xPortSysTickHandler                      0x08007361   Thumb Code    46  port.o(i.xPortSysTickHandler)
    xQueueGenericCreate                      0x08007395   Thumb Code    92  queue.o(i.xQueueGenericCreate)
    xQueueGenericReset                       0x08007425   Thumb Code   194  queue.o(i.xQueueGenericReset)
    xQueueGenericSend                        0x08007521   Thumb Code   426  queue.o(i.xQueueGenericSend)
    xQueueReceive                            0x08007705   Thumb Code   326  queue.o(i.xQueueReceive)
    xTaskCheckForTimeOut                     0x08007885   Thumb Code   140  tasks.o(i.xTaskCheckForTimeOut)
    xTaskCreate                              0x08007951   Thumb Code    96  tasks.o(i.xTaskCreate)
    xTaskDelayUntil                          0x080079b1   Thumb Code   172  tasks.o(i.xTaskDelayUntil)
    xTaskGetSchedulerState                   0x08007a9d   Thumb Code    24  tasks.o(i.xTaskGetSchedulerState)
    xTaskGetTickCount                        0x08007abd   Thumb Code     6  tasks.o(i.xTaskGetTickCount)
    xTaskIncrementTick                       0x08007ac9   Thumb Code   390  tasks.o(i.xTaskIncrementTick)
    xTaskPriorityDisinherit                  0x08007cb1   Thumb Code   206  tasks.o(i.xTaskPriorityDisinherit)
    xTaskRemoveFromEventList                 0x08007dc1   Thumb Code   254  tasks.o(i.xTaskRemoveFromEventList)
    xTaskResumeAll                           0x08007f0d   Thumb Code   328  tasks.o(i.xTaskResumeAll)
    xTimerCreateTimerTask                    0x080080ad   Thumb Code    56  timers.o(i.xTimerCreateTimerTask)
    __aeabi_d2uiz                            0x0800812d   Thumb Code     0  dfixu.o(x$fpl$dfixu)
    _dfixu                                   0x0800812d   Thumb Code    90  dfixu.o(x$fpl$dfixu)
    __aeabi_ui2d                             0x08008187   Thumb Code     0  dflt_clz.o(x$fpl$dfltu)
    _dfltu                                   0x08008187   Thumb Code    38  dflt_clz.o(x$fpl$dfltu)
    __aeabi_dmul                             0x080081ad   Thumb Code     0  dmul.o(x$fpl$dmul)
    _dmul                                    0x080081ad   Thumb Code   332  dmul.o(x$fpl$dmul)
    __fpl_dnaninf                            0x08008301   Thumb Code   156  dnaninf.o(x$fpl$dnaninf)
    __fpl_dretinf                            0x0800839d   Thumb Code    12  dretinf.o(x$fpl$dretinf)
    AHBPrescTable                            0x080083a8   Data          16  system_stm32f1xx.o(.constdata)
    __I$use$fp                               0x080083a8   Number         0  usenofp.o(x$fpl$usenofp)
    APBPrescTable                            0x080083b8   Data           8  system_stm32f1xx.o(.constdata)
    memtblsize                               0x080083c0   Data           8  malloc.o(.constdata)
    memblksize                               0x080083c8   Data           8  malloc.o(.constdata)
    memsize                                  0x080083d0   Data           8  malloc.o(.constdata)
    Region$$Table$$Base                      0x08008400   Number         0  anon$$obj.o(Region$$Table)
    Region$$Table$$Limit                     0x08008420   Number         0  anon$$obj.o(Region$$Table)
    SystemCoreClock                          0x20000000   Data           4  system_stm32f1xx.o(.data)
    tem                                      0x20000004   Data           4  freertos_demo.o(.data)
    hum                                      0x20000008   Data           4  freertos_demo.o(.data)
    max                                      0x2000000c   Data           4  freertos_demo.o(.data)
    sen                                      0x20000010   Data           4  freertos_demo.o(.data)
    data_send                                0x20000014   Data           3  freertos_demo.o(.data)
    data_receive                             0x20000017   Data           3  freertos_demo.o(.data)
    buttongroup_handle                       0x2000001c   Data           4  freertos_demo.o(.data)
    data_queue                               0x20000020   Data           4  freertos_demo.o(.data)
    err_queue                                0x20000024   Data           4  freertos_demo.o(.data)
    usart_queue                              0x20000028   Data           4  freertos_demo.o(.data)
    start_task_handler                       0x2000002c   Data           4  freertos_demo.o(.data)
    task_sensor_handler                      0x20000030   Data           4  freertos_demo.o(.data)
    task_handle_handler                      0x20000034   Data           4  freertos_demo.o(.data)
    task_led_handler                         0x20000038   Data           4  freertos_demo.o(.data)
    task_usart_handler                       0x2000003c   Data           4  freertos_demo.o(.data)
    task_button_handler                      0x20000040   Data           4  freertos_demo.o(.data)
    __stdout                                 0x20000048   Data           4  usart.o(.data)
    g_usart_rx_sta                           0x2000004c   Data           2  usart.o(.data)
    g_rx_buffer                              0x2000004e   Data           1  usart.o(.data)
    uwTick                                   0x20000050   Data           4  stm32f1xx_hal.o(.data)
    uwTickPrio                               0x20000054   Data           4  stm32f1xx_hal.o(.data)
    uwTickFreq                               0x20000058   Data           1  stm32f1xx_hal.o(.data)
    mallco_dev                               0x2000005c   Data          28  malloc.o(.data)
    pxCurrentTCB                             0x20000078   Data           4  tasks.o(.data)
    uxTopUsedPriority                        0x200000b0   Data           4  tasks.o(.data)
    g_usart_rx_buf                           0x200000f8   Data         200  usart.o(.bss)
    g_uart1_handle                           0x200001c0   Data          64  usart.o(.bss)
    g_sram_handle                            0x20000200   Data          72  lcd.o(.bss)
    lcddev                                   0x20000248   Data          14  lcd.o(.bss)
    g_timx_handle                            0x20000258   Data          72  btim.o(.bss)
    g_tim7_handle                            0x200002a0   Data          72  btim.o(.bss)
    xQueueRegistry                           0x20008280   Data          64  queue.o(.bss)
    __libspace_start                         0x2000adcc   Data          96  libspace.o(.bss)
    __temporary_stack_top$libspace           0x2000ae2c   Data           0  libspace.o(.bss)



==============================================================================

Memory Map of the image

  Image Entry point : 0x08000131

  Load Region LR_IROM1 (Base: 0x08000000, Size: 0x00008518, Max: 0x00080000, ABSOLUTE)

    Execution Region ER_IROM1 (Exec base: 0x08000000, Load base: 0x08000000, Size: 0x00008420, Max: 0x00080000, ABSOLUTE)

    Exec Addr    Load Addr    Size         Type   Attr      Idx    E Section Name        Object

    0x08000000   0x08000000   0x00000130   Data   RO            3    RESET               startup_stm32f103xe.o
    0x08000130   0x08000130   0x00000008   Code   RO         5364  * !!!main             c_w.l(__main.o)
    0x08000138   0x08000138   0x00000034   Code   RO         5556    !!!scatter          c_w.l(__scatter.o)
    0x0800016c   0x0800016c   0x0000001a   Code   RO         5558    !!handler_copy      c_w.l(__scatter_copy.o)
    0x08000186   0x08000186   0x00000002   PAD
    0x08000188   0x08000188   0x0000001c   Code   RO         5560    !!handler_zi        c_w.l(__scatter_zi.o)
    0x080001a4   0x080001a4   0x00000000   Code   RO         5349    .ARM.Collect$$_printf_percent$$00000000  c_w.l(_printf_percent.o)
    0x080001a4   0x080001a4   0x00000006   Code   RO         5347    .ARM.Collect$$_printf_percent$$00000009  c_w.l(_printf_d.o)
    0x080001aa   0x080001aa   0x00000006   Code   RO         5346    .ARM.Collect$$_printf_percent$$0000000C  c_w.l(_printf_x.o)
    0x080001b0   0x080001b0   0x00000006   Code   RO         5345    .ARM.Collect$$_printf_percent$$00000014  c_w.l(_printf_s.o)
    0x080001b6   0x080001b6   0x00000004   Code   RO         5393    .ARM.Collect$$_printf_percent$$00000017  c_w.l(_printf_percent_end.o)
    0x080001ba   0x080001ba   0x00000002   Code   RO         5433    .ARM.Collect$$libinit$$00000000  c_w.l(libinit.o)
    0x080001bc   0x080001bc   0x00000000   Code   RO         5440    .ARM.Collect$$libinit$$00000002  c_w.l(libinit2.o)
    0x080001bc   0x080001bc   0x00000000   Code   RO         5442    .ARM.Collect$$libinit$$00000004  c_w.l(libinit2.o)
    0x080001bc   0x080001bc   0x00000000   Code   RO         5445    .ARM.Collect$$libinit$$0000000A  c_w.l(libinit2.o)
    0x080001bc   0x080001bc   0x00000000   Code   RO         5447    .ARM.Collect$$libinit$$0000000C  c_w.l(libinit2.o)
    0x080001bc   0x080001bc   0x00000000   Code   RO         5449    .ARM.Collect$$libinit$$0000000E  c_w.l(libinit2.o)
    0x080001bc   0x080001bc   0x00000000   Code   RO         5452    .ARM.Collect$$libinit$$00000011  c_w.l(libinit2.o)
    0x080001bc   0x080001bc   0x00000000   Code   RO         5454    .ARM.Collect$$libinit$$00000013  c_w.l(libinit2.o)
    0x080001bc   0x080001bc   0x00000000   Code   RO         5456    .ARM.Collect$$libinit$$00000015  c_w.l(libinit2.o)
    0x080001bc   0x080001bc   0x00000000   Code   RO         5458    .ARM.Collect$$libinit$$00000017  c_w.l(libinit2.o)
    0x080001bc   0x080001bc   0x00000000   Code   RO         5460    .ARM.Collect$$libinit$$00000019  c_w.l(libinit2.o)
    0x080001bc   0x080001bc   0x00000000   Code   RO         5462    .ARM.Collect$$libinit$$0000001B  c_w.l(libinit2.o)
    0x080001bc   0x080001bc   0x00000000   Code   RO         5464    .ARM.Collect$$libinit$$0000001D  c_w.l(libinit2.o)
    0x080001bc   0x080001bc   0x00000000   Code   RO         5466    .ARM.Collect$$libinit$$0000001F  c_w.l(libinit2.o)
    0x080001bc   0x080001bc   0x00000000   Code   RO         5468    .ARM.Collect$$libinit$$00000021  c_w.l(libinit2.o)
    0x080001bc   0x080001bc   0x00000000   Code   RO         5470    .ARM.Collect$$libinit$$00000023  c_w.l(libinit2.o)
    0x080001bc   0x080001bc   0x00000000   Code   RO         5472    .ARM.Collect$$libinit$$00000025  c_w.l(libinit2.o)
    0x080001bc   0x080001bc   0x00000000   Code   RO         5476    .ARM.Collect$$libinit$$0000002C  c_w.l(libinit2.o)
    0x080001bc   0x080001bc   0x00000000   Code   RO         5478    .ARM.Collect$$libinit$$0000002E  c_w.l(libinit2.o)
    0x080001bc   0x080001bc   0x00000000   Code   RO         5480    .ARM.Collect$$libinit$$00000030  c_w.l(libinit2.o)
    0x080001bc   0x080001bc   0x00000000   Code   RO         5482    .ARM.Collect$$libinit$$00000032  c_w.l(libinit2.o)
    0x080001bc   0x080001bc   0x00000002   Code   RO         5483    .ARM.Collect$$libinit$$00000033  c_w.l(libinit2.o)
    0x080001be   0x080001be   0x00000002   Code   RO         5501    .ARM.Collect$$libshutdown$$00000000  c_w.l(libshutdown.o)
    0x080001c0   0x080001c0   0x00000000   Code   RO         5509    .ARM.Collect$$libshutdown$$00000002  c_w.l(libshutdown2.o)
    0x080001c0   0x080001c0   0x00000000   Code   RO         5511    .ARM.Collect$$libshutdown$$00000004  c_w.l(libshutdown2.o)
    0x080001c0   0x080001c0   0x00000000   Code   RO         5513    .ARM.Collect$$libshutdown$$00000006  c_w.l(libshutdown2.o)
    0x080001c0   0x080001c0   0x00000000   Code   RO         5516    .ARM.Collect$$libshutdown$$00000009  c_w.l(libshutdown2.o)
    0x080001c0   0x080001c0   0x00000000   Code   RO         5519    .ARM.Collect$$libshutdown$$0000000C  c_w.l(libshutdown2.o)
    0x080001c0   0x080001c0   0x00000000   Code   RO         5521    .ARM.Collect$$libshutdown$$0000000E  c_w.l(libshutdown2.o)
    0x080001c0   0x080001c0   0x00000000   Code   RO         5524    .ARM.Collect$$libshutdown$$00000011  c_w.l(libshutdown2.o)
    0x080001c0   0x080001c0   0x00000002   Code   RO         5525    .ARM.Collect$$libshutdown$$00000012  c_w.l(libshutdown2.o)
    0x080001c2   0x080001c2   0x00000000   Code   RO         5380    .ARM.Collect$$rtentry$$00000000  c_w.l(__rtentry.o)
    0x080001c2   0x080001c2   0x00000000   Code   RO         5404    .ARM.Collect$$rtentry$$00000002  c_w.l(__rtentry2.o)
    0x080001c2   0x080001c2   0x00000006   Code   RO         5416    .ARM.Collect$$rtentry$$00000004  c_w.l(__rtentry4.o)
    0x080001c8   0x080001c8   0x00000000   Code   RO         5406    .ARM.Collect$$rtentry$$00000009  c_w.l(__rtentry2.o)
    0x080001c8   0x080001c8   0x00000004   Code   RO         5407    .ARM.Collect$$rtentry$$0000000A  c_w.l(__rtentry2.o)
    0x080001cc   0x080001cc   0x00000000   Code   RO         5409    .ARM.Collect$$rtentry$$0000000C  c_w.l(__rtentry2.o)
    0x080001cc   0x080001cc   0x00000008   Code   RO         5410    .ARM.Collect$$rtentry$$0000000D  c_w.l(__rtentry2.o)
    0x080001d4   0x080001d4   0x00000002   Code   RO         5437    .ARM.Collect$$rtexit$$00000000  c_w.l(rtexit.o)
    0x080001d6   0x080001d6   0x00000000   Code   RO         5485    .ARM.Collect$$rtexit$$00000002  c_w.l(rtexit2.o)
    0x080001d6   0x080001d6   0x00000004   Code   RO         5486    .ARM.Collect$$rtexit$$00000003  c_w.l(rtexit2.o)
    0x080001da   0x080001da   0x00000006   Code   RO         5487    .ARM.Collect$$rtexit$$00000004  c_w.l(rtexit2.o)
    0x080001e0   0x080001e0   0x00000096   Code   RO         5195    .emb_text           port.o
    0x08000276   0x08000276   0x00000002   PAD
    0x08000278   0x08000278   0x00000040   Code   RO            4    .text               startup_stm32f103xe.o
    0x080002b8   0x080002b8   0x00000002   Code   RO         5283    .text               c_w.l(use_no_semi_2.o)
    0x080002ba   0x080002ba   0x00000002   PAD
    0x080002bc   0x080002bc   0x00000018   Code   RO         5291    .text               c_w.l(noretval__2printf.o)
    0x080002d4   0x080002d4   0x00000034   Code   RO         5295    .text               c_w.l(noretval__2snprintf.o)
    0x08000308   0x08000308   0x00000068   Code   RO         5297    .text               c_w.l(__printf.o)
    0x08000370   0x08000370   0x00000052   Code   RO         5299    .text               c_w.l(_printf_str.o)
    0x080003c2   0x080003c2   0x00000002   PAD
    0x080003c4   0x080003c4   0x00000078   Code   RO         5301    .text               c_w.l(_printf_dec.o)
    0x0800043c   0x0800043c   0x00000058   Code   RO         5306    .text               c_w.l(_printf_hex_int.o)
    0x08000494   0x08000494   0x0000008a   Code   RO         5354    .text               c_w.l(rt_memcpy_v6.o)
    0x0800051e   0x0800051e   0x00000010   Code   RO         5358    .text               c_w.l(aeabi_memset.o)
    0x0800052e   0x0800052e   0x0000004e   Code   RO         5360    .text               c_w.l(rt_memclr_w.o)
    0x0800057c   0x0800057c   0x00000006   Code   RO         5362    .text               c_w.l(heapauxi.o)
    0x08000582   0x08000582   0x00000002   Code   RO         5378    .text               c_w.l(use_no_semi.o)
    0x08000584   0x08000584   0x000000b2   Code   RO         5381    .text               c_w.l(_printf_intcommon.o)
    0x08000636   0x08000636   0x00000002   PAD
    0x08000638   0x08000638   0x00000030   Code   RO         5383    .text               c_w.l(_printf_char_common.o)
    0x08000668   0x08000668   0x0000000a   Code   RO         5385    .text               c_w.l(_sputc.o)
    0x08000672   0x08000672   0x00000010   Code   RO         5387    .text               c_w.l(_snputc.o)
    0x08000682   0x08000682   0x0000002c   Code   RO         5389    .text               c_w.l(_printf_char.o)
    0x080006ae   0x080006ae   0x00000002   PAD
    0x080006b0   0x080006b0   0x00000024   Code   RO         5391    .text               c_w.l(_printf_char_file.o)
    0x080006d4   0x080006d4   0x00000064   Code   RO         5394    .text               c_w.l(rt_memcpy_w.o)
    0x08000738   0x08000738   0x00000044   Code   RO         5396    .text               c_w.l(rt_memclr.o)
    0x0800077c   0x0800077c   0x00000008   Code   RO         5420    .text               c_w.l(ferror.o)
    0x08000784   0x08000784   0x0000004a   Code   RO         5424    .text               c_w.l(sys_stackheap_outer.o)
    0x080007ce   0x080007ce   0x00000012   Code   RO         5426    .text               c_w.l(exit.o)
    0x080007e0   0x080007e0   0x00000008   Code   RO         5434    .text               c_w.l(libspace.o)
    0x080007e8   0x080007e8   0x00000004   Code   RO          289    i.BusFault_Handler  stm32f1xx_it.o
    0x080007ec   0x080007ec   0x00000002   Code   RO          290    i.DebugMon_Handler  stm32f1xx_it.o
    0x080007ee   0x080007ee   0x00000002   PAD
    0x080007f0   0x080007f0   0x00000044   Code   RO          583    i.Dht11_GPIO_IN     dht11.o
    0x08000834   0x08000834   0x00000040   Code   RO          584    i.Dht11_GPIO_OUT    dht11.o
    0x08000874   0x08000874   0x00000014   Code   RO          585    i.Dht11_HIGH        dht11.o
    0x08000888   0x08000888   0x00000014   Code   RO          586    i.Dht11_LOW         dht11.o
    0x0800089c   0x0800089c   0x00000020   Code   RO          587    i.Dht11_start       dht11.o
    0x080008bc   0x080008bc   0x00000044   Code   RO         2353    i.FSMC_NORSRAM_Extended_Timing_Init  stm32f1xx_ll_fsmc.o
    0x08000900   0x08000900   0x00000078   Code   RO         2354    i.FSMC_NORSRAM_Init  stm32f1xx_ll_fsmc.o
    0x08000978   0x08000978   0x00000042   Code   RO         2355    i.FSMC_NORSRAM_Timing_Init  stm32f1xx_ll_fsmc.o
    0x080009ba   0x080009ba   0x00000002   PAD
    0x080009bc   0x080009bc   0x000001a8   Code   RO         1150    i.HAL_DMA_Abort_IT  stm32f1xx_hal_dma.o
    0x08000b64   0x08000b64   0x00000340   Code   RO         1246    i.HAL_GPIO_Init     stm32f1xx_hal_gpio.o
    0x08000ea4   0x08000ea4   0x00000010   Code   RO         1248    i.HAL_GPIO_ReadPin  stm32f1xx_hal_gpio.o
    0x08000eb4   0x08000eb4   0x00000014   Code   RO         1249    i.HAL_GPIO_TogglePin  stm32f1xx_hal_gpio.o
    0x08000ec8   0x08000ec8   0x0000000c   Code   RO         1250    i.HAL_GPIO_WritePin  stm32f1xx_hal_gpio.o
    0x08000ed4   0x08000ed4   0x0000000c   Code   RO          863    i.HAL_GetTick       stm32f1xx_hal.o
    0x08000ee0   0x08000ee0   0x00000018   Code   RO          869    i.HAL_IncTick       stm32f1xx_hal.o
    0x08000ef8   0x08000ef8   0x00000028   Code   RO          870    i.HAL_Init          stm32f1xx_hal.o
    0x08000f20   0x08000f20   0x0000004c   Code   RO          871    i.HAL_InitTick      stm32f1xx_hal.o
    0x08000f6c   0x08000f6c   0x00000002   Code   RO          873    i.HAL_MspInit       stm32f1xx_hal.o
    0x08000f6e   0x08000f6e   0x00000020   Code   RO         1028    i.HAL_NVIC_EnableIRQ  stm32f1xx_hal_cortex.o
    0x08000f8e   0x08000f8e   0x0000007c   Code   RO         1034    i.HAL_NVIC_SetPriority  stm32f1xx_hal_cortex.o
    0x0800100a   0x0800100a   0x00000002   PAD
    0x0800100c   0x0800100c   0x00000028   Code   RO         1035    i.HAL_NVIC_SetPriorityGrouping  stm32f1xx_hal_cortex.o
    0x08001034   0x08001034   0x0000018c   Code   RO         1471    i.HAL_RCC_ClockConfig  stm32f1xx_hal_rcc.o
    0x080011c0   0x080011c0   0x0000000c   Code   RO         1476    i.HAL_RCC_GetHCLKFreq  stm32f1xx_hal_rcc.o
    0x080011cc   0x080011cc   0x00000020   Code   RO         1478    i.HAL_RCC_GetPCLK1Freq  stm32f1xx_hal_rcc.o
    0x080011ec   0x080011ec   0x00000020   Code   RO         1479    i.HAL_RCC_GetPCLK2Freq  stm32f1xx_hal_rcc.o
    0x0800120c   0x0800120c   0x00000094   Code   RO         1480    i.HAL_RCC_GetSysClockFreq  stm32f1xx_hal_rcc.o
    0x080012a0   0x080012a0   0x00000464   Code   RO         1483    i.HAL_RCC_OscConfig  stm32f1xx_hal_rcc.o
    0x08001704   0x08001704   0x00000066   Code   RO         2214    i.HAL_SRAM_Init     stm32f1xx_hal_sram.o
    0x0800176a   0x0800176a   0x00000002   PAD
    0x0800176c   0x0800176c   0x00000090   Code   RO         3479    i.HAL_SRAM_MspInit  lcd.o
    0x080017fc   0x080017fc   0x00000028   Code   RO         1037    i.HAL_SYSTICK_CLKSourceConfig  stm32f1xx_hal_cortex.o
    0x08001824   0x08001824   0x00000034   Code   RO         1039    i.HAL_SYSTICK_Config  stm32f1xx_hal_cortex.o
    0x08001858   0x08001858   0x00000002   Code   RO         3188    i.HAL_TIMEx_BreakCallback  stm32f1xx_hal_tim_ex.o
    0x0800185a   0x0800185a   0x00000002   Code   RO         3189    i.HAL_TIMEx_CommutCallback  stm32f1xx_hal_tim_ex.o
    0x0800185c   0x0800185c   0x00000002   Code   RO         2507    i.HAL_TIM_IC_CaptureCallback  stm32f1xx_hal_tim.o
    0x0800185e   0x0800185e   0x00000196   Code   RO         2521    i.HAL_TIM_IRQHandler  stm32f1xx_hal_tim.o
    0x080019f4   0x080019f4   0x00000002   Code   RO         2524    i.HAL_TIM_OC_DelayElapsedCallback  stm32f1xx_hal_tim.o
    0x080019f6   0x080019f6   0x00000002   Code   RO         2551    i.HAL_TIM_PWM_PulseFinishedCallback  stm32f1xx_hal_tim.o
    0x080019f8   0x080019f8   0x0000002c   Code   RO         3759    i.HAL_TIM_PeriodElapsedCallback  btim.o
    0x08001a24   0x08001a24   0x00000002   Code   RO         2564    i.HAL_TIM_TriggerCallback  stm32f1xx_hal_tim.o
    0x08001a26   0x08001a26   0x00000002   Code   RO         1634    i.HAL_UART_ErrorCallback  stm32f1xx_hal_uart.o
    0x08001a28   0x08001a28   0x00000154   Code   RO         1637    i.HAL_UART_IRQHandler  stm32f1xx_hal_uart.o
    0x08001b7c   0x08001b7c   0x00000072   Code   RO         1638    i.HAL_UART_Init     stm32f1xx_hal_uart.o
    0x08001bee   0x08001bee   0x00000002   PAD
    0x08001bf0   0x08001bf0   0x000000b4   Code   RO          775    i.HAL_UART_MspInit  usart.o
    0x08001ca4   0x08001ca4   0x00000070   Code   RO         1643    i.HAL_UART_Receive_IT  stm32f1xx_hal_uart.o
    0x08001d14   0x08001d14   0x00000088   Code   RO          776    i.HAL_UART_RxCpltCallback  usart.o
    0x08001d9c   0x08001d9c   0x000000d2   Code   RO         1646    i.HAL_UART_Transmit  stm32f1xx_hal_uart.o
    0x08001e6e   0x08001e6e   0x00000002   Code   RO         1649    i.HAL_UART_TxCpltCallback  stm32f1xx_hal_uart.o
    0x08001e70   0x08001e70   0x00000004   Code   RO          291    i.HardFault_Handler  stm32f1xx_it.o
    0x08001e74   0x08001e74   0x00000004   Code   RO          292    i.MemManage_Handler  stm32f1xx_it.o
    0x08001e78   0x08001e78   0x00000002   Code   RO          293    i.NMI_Handler       stm32f1xx_it.o
    0x08001e7a   0x08001e7a   0x00000002   PAD
    0x08001e7c   0x08001e7c   0x00000028   Code   RO         1484    i.RCC_Delay         stm32f1xx_hal_rcc.o
    0x08001ea4   0x08001ea4   0x00000014   Code   RO          652    i.SysTick_Handler   delay.o
    0x08001eb8   0x08001eb8   0x00000002   Code   RO          253    i.SystemInit        system_stm32f1xx.o
    0x08001eba   0x08001eba   0x00000002   PAD
    0x08001ebc   0x08001ebc   0x00000010   Code   RO         3760    i.TIM6_IRQHandler   btim.o
    0x08001ecc   0x08001ecc   0x00000010   Code   RO         3761    i.TIM7_IRQHandler   btim.o
    0x08001edc   0x08001edc   0x00000014   Code   RO         1651    i.UART_DMAAbortOnError  stm32f1xx_hal_uart.o
    0x08001ef0   0x08001ef0   0x00000020   Code   RO         1661    i.UART_EndRxTransfer  stm32f1xx_hal_uart.o
    0x08001f10   0x08001f10   0x00000020   Code   RO         1662    i.UART_EndTransmit_IT  stm32f1xx_hal_uart.o
    0x08001f30   0x08001f30   0x000000a0   Code   RO         1664    i.UART_Receive_IT   stm32f1xx_hal_uart.o
    0x08001fd0   0x08001fd0   0x000000fc   Code   RO         1665    i.UART_SetConfig    stm32f1xx_hal_uart.o
    0x080020cc   0x080020cc   0x00000060   Code   RO         1666    i.UART_Transmit_IT  stm32f1xx_hal_uart.o
    0x0800212c   0x0800212c   0x0000006c   Code   RO         1667    i.UART_WaitOnFlagUntilTimeout  stm32f1xx_hal_uart.o
    0x08002198   0x08002198   0x00000024   Code   RO          777    i.USART1_IRQHandler  usart.o
    0x080021bc   0x080021bc   0x00000004   Code   RO          294    i.UsageFault_Handler  stm32f1xx_it.o
    0x080021c0   0x080021c0   0x00000010   Code   RO         1041    i.__NVIC_GetPriorityGrouping  stm32f1xx_hal_cortex.o
    0x080021d0   0x080021d0   0x00000028   Code   RO         1042    i.__NVIC_SetPriority  stm32f1xx_hal_cortex.o
    0x080021f8   0x080021f8   0x00000004   Code   RO          779    i._sys_exit         usart.o
    0x080021fc   0x080021fc   0x00000050   Code   RO          653    i.delay_init        delay.o
    0x0800224c   0x0800224c   0x00000018   Code   RO          654    i.delay_ms          delay.o
    0x08002264   0x08002264   0x00000048   Code   RO          655    i.delay_us          delay.o
    0x080022ac   0x080022ac   0x0000001c   Code   RO          781    i.fputc             usart.o
    0x080022c8   0x080022c8   0x00000030   Code   RO          474    i.freertos_demo     freertos_demo.o
    0x080022f8   0x080022f8   0x000000b8   Code   RO         3728    i.key_init          key.o
    0x080023b0   0x080023b0   0x000000a0   Code   RO         3729    i.key_scan          key.o
    0x08002450   0x08002450   0x00000034   Code   RO         3480    i.lcd_clear         lcd.o
    0x08002484   0x08002484   0x00000130   Code   RO         3482    i.lcd_display_dir   lcd.o
    0x080025b4   0x080025b4   0x0000022c   Code   RO         3490    i.lcd_ex_ili9341_reginit  lcd.o
    0x080027e0   0x080027e0   0x00000ef2   Code   RO         3491    i.lcd_ex_nt35310_reginit  lcd.o
    0x080036d2   0x080036d2   0x00000efc   Code   RO         3492    i.lcd_ex_nt35510_reginit  lcd.o
    0x080045ce   0x080045ce   0x0000016e   Code   RO         3493    i.lcd_ex_ssd1963_reginit  lcd.o
    0x0800473c   0x0800473c   0x000001a8   Code   RO         3494    i.lcd_ex_st7789_reginit  lcd.o
    0x080048e4   0x080048e4   0x000003a4   Code   RO         3497    i.lcd_init          lcd.o
    0x08004c88   0x08004c88   0x00000014   Code   RO         3500    i.lcd_rd_data       lcd.o
    0x08004c9c   0x08004c9c   0x00000230   Code   RO         3502    i.lcd_scan_dir      lcd.o
    0x08004ecc   0x08004ecc   0x00000120   Code   RO         3503    i.lcd_set_cursor    lcd.o
    0x08004fec   0x08004fec   0x00000054   Code   RO         3509    i.lcd_ssd_backlight_set  lcd.o
    0x08005040   0x08005040   0x00000018   Code   RO         3510    i.lcd_wr_data       lcd.o
    0x08005058   0x08005058   0x00000018   Code   RO         3511    i.lcd_wr_regno      lcd.o
    0x08005070   0x08005070   0x00000014   Code   RO         3512    i.lcd_write_ram_prepare  lcd.o
    0x08005084   0x08005084   0x00000010   Code   RO         3513    i.lcd_write_reg     lcd.o
    0x08005094   0x08005094   0x0000008c   Code   RO         3455    i.led_init          led.o
    0x08005120   0x08005120   0x00000036   Code   RO           13    i.main              main.o
    0x08005156   0x08005156   0x00000002   PAD
    0x08005158   0x08005158   0x00000030   Code   RO         3815    i.my_mem_init       malloc.o
    0x08005188   0x08005188   0x00000040   Code   RO         3817    i.my_mem_perused    malloc.o
    0x080051c8   0x080051c8   0x00000014   Code   RO         3818    i.my_mem_set        malloc.o
    0x080051dc   0x080051dc   0x000000cc   Code   RO         4529    i.prvAddCurrentTaskToDelayedList  tasks.o
    0x080052a8   0x080052a8   0x000000ec   Code   RO         4530    i.prvAddNewTaskToReadyList  tasks.o
    0x08005394   0x08005394   0x00000064   Code   RO         4954    i.prvCheckForValidListAndQueue  timers.o
    0x080053f8   0x080053f8   0x00000048   Code   RO         4531    i.prvCheckTasksWaitingTermination  tasks.o
    0x08005440   0x08005440   0x0000002a   Code   RO         4089    i.prvCopyDataFromQueue  queue.o
    0x0800546a   0x0800546a   0x0000007e   Code   RO         4090    i.prvCopyDataToQueue  queue.o
    0x080054e8   0x080054e8   0x00000012   Code   RO         4532    i.prvDeleteTCB      tasks.o
    0x080054fa   0x080054fa   0x00000002   PAD
    0x080054fc   0x080054fc   0x00000028   Code   RO         4955    i.prvGetNextExpireTime  timers.o
    0x08005524   0x08005524   0x0000007c   Code   RO         5128    i.prvHeapInit       heap_4.o
    0x080055a0   0x080055a0   0x00000028   Code   RO         4533    i.prvIdleTask       tasks.o
    0x080055c8   0x080055c8   0x0000002e   Code   RO         4093    i.prvInitialiseNewQueue  queue.o
    0x080055f6   0x080055f6   0x00000002   PAD
    0x080055f8   0x080055f8   0x00000104   Code   RO         4534    i.prvInitialiseNewTask  tasks.o
    0x080056fc   0x080056fc   0x00000068   Code   RO         4535    i.prvInitialiseTaskLists  tasks.o
    0x08005764   0x08005764   0x00000068   Code   RO         5129    i.prvInsertBlockIntoFreeList  heap_4.o
    0x080057cc   0x080057cc   0x00000058   Code   RO         4957    i.prvInsertTimerInActiveList  timers.o
    0x08005824   0x08005824   0x0000001a   Code   RO         4094    i.prvIsQueueEmpty   queue.o
    0x0800583e   0x0800583e   0x0000001e   Code   RO         4095    i.prvIsQueueFull    queue.o
    0x0800585c   0x0800585c   0x000000c4   Code   RO         4096    i.prvNotifyQueueSetContainer  queue.o
    0x08005920   0x08005920   0x00000044   Code   RO         4958    i.prvProcessExpiredTimer  timers.o
    0x08005964   0x08005964   0x0000016c   Code   RO         4959    i.prvProcessReceivedCommands  timers.o
    0x08005ad0   0x08005ad0   0x00000074   Code   RO         4960    i.prvProcessTimerOrBlockTask  timers.o
    0x08005b44   0x08005b44   0x00000028   Code   RO         4961    i.prvReloadTimer    timers.o
    0x08005b6c   0x08005b6c   0x00000030   Code   RO         4537    i.prvResetNextTaskUnblockTime  tasks.o
    0x08005b9c   0x08005b9c   0x0000002c   Code   RO         4962    i.prvSampleTimeNow  timers.o
    0x08005bc8   0x08005bc8   0x00000044   Code   RO         4963    i.prvSwitchTimerLists  timers.o
    0x08005c0c   0x08005c0c   0x0000007c   Code   RO         5196    i.prvTaskExitError  port.o
    0x08005c88   0x08005c88   0x0000001e   Code   RO         3918    i.prvTestWaitCondition  event_groups.o
    0x08005ca6   0x08005ca6   0x0000001a   Code   RO         4964    i.prvTimerTask      timers.o
    0x08005cc0   0x08005cc0   0x00000090   Code   RO         4097    i.prvUnlockQueue    queue.o
    0x08005d50   0x08005d50   0x00000194   Code   RO         5130    i.pvPortMalloc      heap_4.o
    0x08005ee4   0x08005ee4   0x00000024   Code   RO         5197    i.pxPortInitialiseStack  port.o
    0x08005f08   0x08005f08   0x00000044   Code   RO          588    i.read_bit          dht11.o
    0x08005f4c   0x08005f4c   0x00000020   Code   RO          589    i.read_byte         dht11.o
    0x08005f6c   0x08005f6c   0x000000d8   Code   RO          590    i.read_data         dht11.o
    0x08006044   0x08006044   0x00000120   Code   RO          475    i.start_task        freertos_demo.o
    0x08006164   0x08006164   0x00000056   Code   RO          708    i.sys_stm32_clock_init  sys.o
    0x080061ba   0x080061ba   0x00000002   PAD
    0x080061bc   0x080061bc   0x00000024   Code   RO          476    i.task_button       freertos_demo.o
    0x080061e0   0x080061e0   0x000000e8   Code   RO          477    i.task_handle       freertos_demo.o
    0x080062c8   0x080062c8   0x000000a0   Code   RO          478    i.task_led          freertos_demo.o
    0x08006368   0x08006368   0x00000168   Code   RO          479    i.task_sensor       freertos_demo.o
    0x080064d0   0x080064d0   0x000000c8   Code   RO          480    i.task_usart        freertos_demo.o
    0x08006598   0x08006598   0x00000038   Code   RO          782    i.usart_init        usart.o
    0x080065d0   0x080065d0   0x00000028   Code   RO         4037    i.uxListRemove      list.o
    0x080065f8   0x080065f8   0x0000001c   Code   RO         4551    i.uxTaskResetEventItemValue  tasks.o
    0x08006614   0x08006614   0x0000001a   Code   RO         4038    i.vListInitialise   list.o
    0x0800662e   0x0800662e   0x00000006   Code   RO         4039    i.vListInitialiseItem  list.o
    0x08006634   0x08006634   0x00000034   Code   RO         4040    i.vListInsert       list.o
    0x08006668   0x08006668   0x00000018   Code   RO         4041    i.vListInsertEnd    list.o
    0x08006680   0x08006680   0x00000094   Code   RO         5199    i.vPortEnterCritical  port.o
    0x08006714   0x08006714   0x0000007c   Code   RO         5200    i.vPortExitCritical  port.o
    0x08006790   0x08006790   0x000000d8   Code   RO         5131    i.vPortFree         heap_4.o
    0x08006868   0x08006868   0x0000002c   Code   RO         5201    i.vPortSetupTimerInterrupt  port.o
    0x08006894   0x08006894   0x0000008c   Code   RO         4103    i.vQueueAddToRegistry  queue.o
    0x08006920   0x08006920   0x0000004a   Code   RO         4107    i.vQueueWaitForMessageRestricted  queue.o
    0x0800696a   0x0800696a   0x00000002   PAD
    0x0800696c   0x0800696c   0x00000084   Code   RO         4552    i.vTaskDelay        tasks.o
    0x080069f0   0x080069f0   0x00000124   Code   RO         4553    i.vTaskDelete       tasks.o
    0x08006b14   0x08006b14   0x00000018   Code   RO         4557    i.vTaskInternalSetTimeOutState  tasks.o
    0x08006b2c   0x08006b2c   0x0000000c   Code   RO         4559    i.vTaskMissedYield  tasks.o
    0x08006b38   0x08006b38   0x00000064   Code   RO         4560    i.vTaskPlaceOnEventList  tasks.o
    0x08006b9c   0x08006b9c   0x0000008c   Code   RO         4561    i.vTaskPlaceOnEventListRestricted  tasks.o
    0x08006c28   0x08006c28   0x000000b0   Code   RO         4562    i.vTaskPlaceOnUnorderedEventList  tasks.o
    0x08006cd8   0x08006cd8   0x00000130   Code   RO         4565    i.vTaskRemoveFromUnorderedEventList  tasks.o
    0x08006e08   0x08006e08   0x000000c4   Code   RO         4569    i.vTaskStartScheduler  tasks.o
    0x08006ecc   0x08006ecc   0x00000010   Code   RO         4571    i.vTaskSuspendAll   tasks.o
    0x08006edc   0x08006edc   0x000000b8   Code   RO         4572    i.vTaskSwitchContext  tasks.o
    0x08006f94   0x08006f94   0x0000001a   Code   RO         3926    i.xEventGroupCreate  event_groups.o
    0x08006fae   0x08006fae   0x00000002   PAD
    0x08006fb0   0x08006fb0   0x000000f8   Code   RO         3928    i.xEventGroupSetBits  event_groups.o
    0x080070a8   0x080070a8   0x0000016c   Code   RO         3931    i.xEventGroupWaitBits  event_groups.o
    0x08007214   0x08007214   0x0000014c   Code   RO         5203    i.xPortStartScheduler  port.o
    0x08007360   0x08007360   0x00000034   Code   RO         5204    i.xPortSysTickHandler  port.o
    0x08007394   0x08007394   0x00000090   Code   RO         4112    i.xQueueGenericCreate  queue.o
    0x08007424   0x08007424   0x000000fc   Code   RO         4113    i.xQueueGenericReset  queue.o
    0x08007520   0x08007520   0x000001e4   Code   RO         4114    i.xQueueGenericSend  queue.o
    0x08007704   0x08007704   0x00000180   Code   RO         4122    i.xQueueReceive     queue.o
    0x08007884   0x08007884   0x000000cc   Code   RO         4575    i.xTaskCheckForTimeOut  tasks.o
    0x08007950   0x08007950   0x00000060   Code   RO         4576    i.xTaskCreate       tasks.o
    0x080079b0   0x080079b0   0x000000ec   Code   RO         4577    i.xTaskDelayUntil   tasks.o
    0x08007a9c   0x08007a9c   0x00000020   Code   RO         4585    i.xTaskGetSchedulerState  tasks.o
    0x08007abc   0x08007abc   0x0000000c   Code   RO         4586    i.xTaskGetTickCount  tasks.o
    0x08007ac8   0x08007ac8   0x000001e8   Code   RO         4588    i.xTaskIncrementTick  tasks.o
    0x08007cb0   0x08007cb0   0x00000110   Code   RO         4589    i.xTaskPriorityDisinherit  tasks.o
    0x08007dc0   0x08007dc0   0x0000014c   Code   RO         4591    i.xTaskRemoveFromEventList  tasks.o
    0x08007f0c   0x08007f0c   0x000001a0   Code   RO         4592    i.xTaskResumeAll    tasks.o
    0x080080ac   0x080080ac   0x00000080   Code   RO         4972    i.xTimerCreateTimerTask  timers.o
    0x0800812c   0x0800812c   0x0000005a   Code   RO         5366    x$fpl$dfixu         fz_ws.l(dfixu.o)
    0x08008186   0x08008186   0x00000026   Code   RO         5370    x$fpl$dfltu         fz_ws.l(dflt_clz.o)
    0x080081ac   0x080081ac   0x00000154   Code   RO         5376    x$fpl$dmul          fz_ws.l(dmul.o)
    0x08008300   0x08008300   0x0000009c   Code   RO         5398    x$fpl$dnaninf       fz_ws.l(dnaninf.o)
    0x0800839c   0x0800839c   0x0000000c   Code   RO         5400    x$fpl$dretinf       fz_ws.l(dretinf.o)
    0x080083a8   0x080083a8   0x00000000   Code   RO         5402    x$fpl$usenofp       fz_ws.l(usenofp.o)
    0x080083a8   0x080083a8   0x00000018   Data   RO          254    .constdata          system_stm32f1xx.o
    0x080083c0   0x080083c0   0x00000018   Data   RO         3825    .constdata          malloc.o
    0x080083d8   0x080083d8   0x00000028   Data   RO         5307    .constdata          c_w.l(_printf_hex_int.o)
    0x08008400   0x08008400   0x00000020   Data   RO         5554    Region$$Table       anon$$obj.o


    Execution Region RW_IRAM1 (Exec base: 0x20000000, Load base: 0x08008420, Size: 0x0000b430, Max: 0x00010000, ABSOLUTE)

    Exec Addr    Load Addr    Size         Type   Attr      Idx    E Section Name        Object

    0x20000000   0x08008420   0x00000004   Data   RW          255    .data               system_stm32f1xx.o
    0x20000004   0x08008424   0x00000040   Data   RW          481    .data               freertos_demo.o
    0x20000044   0x08008464   0x00000002   Data   RW          656    .data               delay.o
    0x20000046   0x08008466   0x00000002   PAD
    0x20000048   0x08008468   0x00000007   Data   RW          784    .data               usart.o
    0x2000004f   0x0800846f   0x00000001   PAD
    0x20000050   0x08008470   0x00000009   Data   RW          877    .data               stm32f1xx_hal.o
    0x20000059   0x08008479   0x00000001   Data   RW         3730    .data               key.o
    0x2000005a   0x0800847a   0x00000002   PAD
    0x2000005c   0x0800847c   0x0000001c   Data   RW         3826    .data               malloc.o
    0x20000078   0x08008498   0x00000040   Data   RW         4595    .data               tasks.o
    0x200000b8   0x080084d8   0x00000014   Data   RW         4981    .data               timers.o
    0x200000cc   0x080084ec   0x00000020   Data   RW         5137    .data               heap_4.o
    0x200000ec   0x0800850c   0x0000000c   Data   RW         5205    .data               port.o
    0x200000f8        -       0x00000108   Zero   RW          783    .bss                usart.o
    0x20000200        -       0x00000056   Zero   RW         3514    .bss                lcd.o
    0x20000256   0x08008518   0x00000002   PAD
    0x20000258        -       0x00000090   Zero   RW         3764    .bss                btim.o
    0x200002e8   0x08008518   0x00000018   PAD
    0x20000300        -       0x00007f80   Zero   RW         3824    .bss                malloc.o
    0x20008280        -       0x00000040   Zero   RW         4129    .bss                queue.o
    0x200082c0        -       0x000002e4   Zero   RW         4594    .bss                tasks.o
    0x200085a4        -       0x00000028   Zero   RW         4980    .bss                timers.o
    0x200085cc        -       0x00002800   Zero   RW         5136    .bss                heap_4.o
    0x2000adcc        -       0x00000060   Zero   RW         5435    .bss                c_w.l(libspace.o)
    0x2000ae2c   0x08008518   0x00000004   PAD
    0x2000ae30        -       0x00000200   Zero   RW            2    HEAP                startup_stm32f103xe.o
    0x2000b030        -       0x00000400   Zero   RW            1    STACK               startup_stm32f103xe.o



  Load Region LR$$.ARM.__AT_0x68000000 (Base: 0x68000000, Size: 0x00000000, Max: 0x00000020, ABSOLUTE)

    Execution Region ER$$.ARM.__AT_0x68000000 (Exec base: 0x68000000, Load base: 0x68000000, Size: 0x00000020, Max: 0x00000020, ABSOLUTE, UNINIT)

    Exec Addr    Load Addr    Size         Type   Attr      Idx    E Section Name        Object

    0x68000000        -       0x00000020   Zero   RW         3822    .ARM.__AT_0x68000000  malloc.o



  Load Region LR$$.ARM.__AT_0x68000020 (Base: 0x68000020, Size: 0x00000000, Max: 0x00000004, ABSOLUTE)

    Execution Region ER$$.ARM.__AT_0x68000020 (Exec base: 0x68000020, Load base: 0x68000020, Size: 0x00000004, Max: 0x00000004, ABSOLUTE, UNINIT)

    Exec Addr    Load Addr    Size         Type   Attr      Idx    E Section Name        Object

    0x68000020        -       0x00000002   Zero   RW         3823    .ARM.__AT_0x68000020  malloc.o


==============================================================================

Image component sizes


      Code (inc. data)   RO Data    RW Data    ZI Data      Debug   Object Name

        76         26          0          0        144       2074   btim.o
       196         10          0          2          0       2401   delay.o
       520         88          0          0          0       4311   dht11.o
       668        128          0          0          0      17987   event_groups.o
      1324        626          0         64          0      22695   freertos_demo.o
       848        218          0         32      10240       4063   heap_4.o
       344         24          0          1          0       1634   key.o
     11476        134          0          0         86      20211   lcd.o
       140          8          0          0          0        895   led.o
       148          0          0          0          0       3234   list.o
        54          0          0          0          0     495839   main.o
       132         18         24         28      32674       3343   malloc.o
      1010        354          0         12          0       9640   port.o
      2088        336          0          0         64      14355   queue.o
        64         26        304          0       1536        924   startup_stm32f103xe.o
       154         32          0          9          0       6331   stm32f1xx_hal.o
       344         22          0          0          0      29985   stm32f1xx_hal_cortex.o
       424         10          0          0          0       1223   stm32f1xx_hal_dma.o
       880         40          0          0          0       3936   stm32f1xx_hal_gpio.o
      1784        110          0          0          0       5988   stm32f1xx_hal_rcc.o
       102          0          0          0          0       1192   stm32f1xx_hal_sram.o
       414          0          0          0          0       3486   stm32f1xx_hal_tim.o
         4          0          0          0          0       1513   stm32f1xx_hal_tim_ex.o
      1480         10          0          0          0       9531   stm32f1xx_hal_uart.o
        20          0          0          0          0       2545   stm32f1xx_it.o
       254         10          0          0          0       3823   stm32f1xx_ll_fsmc.o
        86          0          0          0          0        711   sys.o
         2          0         24          4          0       1319   system_stm32f1xx.o
      4674       1228          0         64        740      36033   tasks.o
      1082        214          0         20         40      10960   timers.o
       440         54          0          7        264       5329   usart.o

    ----------------------------------------------------------------------
     31260       3726        384        248      45816     727511   Object Totals
         0          0         32          0          0          0   (incl. Generated)
        28          0          0          5         28          0   (incl. Padding)

    ----------------------------------------------------------------------

      Code (inc. data)   RO Data    RW Data    ZI Data      Debug   Library Member Name

         8          0          0          0          0         68   __main.o
       104          0          0          0          0         84   __printf.o
         0          0          0          0          0          0   __rtentry.o
        12          0          0          0          0          0   __rtentry2.o
         6          0          0          0          0          0   __rtentry4.o
        52          8          0          0          0          0   __scatter.o
        26          0          0          0          0          0   __scatter_copy.o
        28          0          0          0          0          0   __scatter_zi.o
        44          0          0          0          0        108   _printf_char.o
        48          6          0          0          0         96   _printf_char_common.o
        36          4          0          0          0         80   _printf_char_file.o
         6          0          0          0          0          0   _printf_d.o
       120         16          0          0          0         92   _printf_dec.o
        88          4         40          0          0         88   _printf_hex_int.o
       178          0          0          0          0         88   _printf_intcommon.o
         0          0          0          0          0          0   _printf_percent.o
         4          0          0          0          0          0   _printf_percent_end.o
         6          0          0          0          0          0   _printf_s.o
        82          0          0          0          0         80   _printf_str.o
         6          0          0          0          0          0   _printf_x.o
        16          0          0          0          0         68   _snputc.o
        10          0          0          0          0         68   _sputc.o
        16          0          0          0          0         68   aeabi_memset.o
        18          0          0          0          0         80   exit.o
         8          0          0          0          0         68   ferror.o
         6          0          0          0          0        152   heapauxi.o
         2          0          0          0          0          0   libinit.o
         2          0          0          0          0          0   libinit2.o
         2          0          0          0          0          0   libshutdown.o
         2          0          0          0          0          0   libshutdown2.o
         8          4          0          0         96         68   libspace.o
        24          4          0          0          0         84   noretval__2printf.o
        52          4          0          0          0         84   noretval__2snprintf.o
        68          0          0          0          0         68   rt_memclr.o
        78          0          0          0          0         80   rt_memclr_w.o
       138          0          0          0          0         68   rt_memcpy_v6.o
       100          0          0          0          0         80   rt_memcpy_w.o
         2          0          0          0          0          0   rtexit.o
        10          0          0          0          0          0   rtexit2.o
        74          0          0          0          0         80   sys_stackheap_outer.o
         2          0          0          0          0         68   use_no_semi.o
         2          0          0          0          0         68   use_no_semi_2.o
        90          4          0          0          0         92   dfixu.o
        38          0          0          0          0         68   dflt_clz.o
       340         12          0          0          0        104   dmul.o
       156          4          0          0          0         92   dnaninf.o
        12          0          0          0          0         68   dretinf.o
         0          0          0          0          0          0   usenofp.o

    ----------------------------------------------------------------------
      2140         70         40          0        100       2460   Library Totals
        10          0          0          0          4          0   (incl. Padding)

    ----------------------------------------------------------------------

      Code (inc. data)   RO Data    RW Data    ZI Data      Debug   Library Name

      1494         50         40          0         96       2036   c_w.l
       636         20          0          0          0        424   fz_ws.l

    ----------------------------------------------------------------------
      2140         70         40          0        100       2460   Library Totals

    ----------------------------------------------------------------------

==============================================================================


      Code (inc. data)   RO Data    RW Data    ZI Data      Debug   

     33400       3796        424        248      45916     719463   Grand Totals
     33400       3796        424        248      45916     719463   ELF Image Totals
     33400       3796        424        248          0          0   ROM Totals

==============================================================================

    Total RO  Size (Code + RO Data)                33824 (  33.03kB)
    Total RW  Size (RW Data + ZI Data)             46164 (  45.08kB)
    Total ROM Size (Code + RO Data + RW Data)      34072 (  33.27kB)

==============================================================================

